Archive member included to satisfy reference by file (symbol)

c:/st/stm32cubeide_1.5.0/stm32cubeide/plugins/com.st.stm32cube.ide.mcu.externaltools.gnu-tools-for-stm32.7-2018-q2-update.win32_1.5.0.202011040924/tools/bin/../lib/gcc/arm-none-eabi/7.3.1/../../../../arm-none-eabi/lib/thumb/v7e-m/fpv4-sp/hard\libc_nano.a(lib_a-errno.o)
                              Core/Src/syscalls.o (__errno)
c:/st/stm32cubeide_1.5.0/stm32cubeide/plugins/com.st.stm32cube.ide.mcu.externaltools.gnu-tools-for-stm32.7-2018-q2-update.win32_1.5.0.202011040924/tools/bin/../lib/gcc/arm-none-eabi/7.3.1/../../../../arm-none-eabi/lib/thumb/v7e-m/fpv4-sp/hard\libc_nano.a(lib_a-exit.o)
                              c:/st/stm32cubeide_1.5.0/stm32cubeide/plugins/com.st.stm32cube.ide.mcu.externaltools.gnu-tools-for-stm32.7-2018-q2-update.win32_1.5.0.202011040924/tools/bin/../lib/gcc/arm-none-eabi/7.3.1/../../../../arm-none-eabi/lib/thumb/v7e-m/fpv4-sp/hard/crt0.o (exit)
c:/st/stm32cubeide_1.5.0/stm32cubeide/plugins/com.st.stm32cube.ide.mcu.externaltools.gnu-tools-for-stm32.7-2018-q2-update.win32_1.5.0.202011040924/tools/bin/../lib/gcc/arm-none-eabi/7.3.1/../../../../arm-none-eabi/lib/thumb/v7e-m/fpv4-sp/hard\libc_nano.a(lib_a-impure.o)
                              c:/st/stm32cubeide_1.5.0/stm32cubeide/plugins/com.st.stm32cube.ide.mcu.externaltools.gnu-tools-for-stm32.7-2018-q2-update.win32_1.5.0.202011040924/tools/bin/../lib/gcc/arm-none-eabi/7.3.1/../../../../arm-none-eabi/lib/thumb/v7e-m/fpv4-sp/hard\libc_nano.a(lib_a-exit.o) (_global_impure_ptr)
c:/st/stm32cubeide_1.5.0/stm32cubeide/plugins/com.st.stm32cube.ide.mcu.externaltools.gnu-tools-for-stm32.7-2018-q2-update.win32_1.5.0.202011040924/tools/bin/../lib/gcc/arm-none-eabi/7.3.1/../../../../arm-none-eabi/lib/thumb/v7e-m/fpv4-sp/hard\libc_nano.a(lib_a-init.o)
                              c:/st/stm32cubeide_1.5.0/stm32cubeide/plugins/com.st.stm32cube.ide.mcu.externaltools.gnu-tools-for-stm32.7-2018-q2-update.win32_1.5.0.202011040924/tools/bin/../lib/gcc/arm-none-eabi/7.3.1/../../../../arm-none-eabi/lib/thumb/v7e-m/fpv4-sp/hard/crt0.o (__libc_init_array)
c:/st/stm32cubeide_1.5.0/stm32cubeide/plugins/com.st.stm32cube.ide.mcu.externaltools.gnu-tools-for-stm32.7-2018-q2-update.win32_1.5.0.202011040924/tools/bin/../lib/gcc/arm-none-eabi/7.3.1/../../../../arm-none-eabi/lib/thumb/v7e-m/fpv4-sp/hard\libc_nano.a(lib_a-memcpy-stub.o)
                              Middlewares/Third_Party/FreeRTOS/Source/queue.o (memcpy)
c:/st/stm32cubeide_1.5.0/stm32cubeide/plugins/com.st.stm32cube.ide.mcu.externaltools.gnu-tools-for-stm32.7-2018-q2-update.win32_1.5.0.202011040924/tools/bin/../lib/gcc/arm-none-eabi/7.3.1/../../../../arm-none-eabi/lib/thumb/v7e-m/fpv4-sp/hard\libc_nano.a(lib_a-memset.o)
                              c:/st/stm32cubeide_1.5.0/stm32cubeide/plugins/com.st.stm32cube.ide.mcu.externaltools.gnu-tools-for-stm32.7-2018-q2-update.win32_1.5.0.202011040924/tools/bin/../lib/gcc/arm-none-eabi/7.3.1/../../../../arm-none-eabi/lib/thumb/v7e-m/fpv4-sp/hard/crt0.o (memset)
c:/st/stm32cubeide_1.5.0/stm32cubeide/plugins/com.st.stm32cube.ide.mcu.externaltools.gnu-tools-for-stm32.7-2018-q2-update.win32_1.5.0.202011040924/tools/bin/../lib/gcc/arm-none-eabi/7.3.1/../../../../arm-none-eabi/lib/thumb/v7e-m/fpv4-sp/hard\libc_nano.a(lib_a-nano-vfprintf_float.o)
                              (_printf_float)
c:/st/stm32cubeide_1.5.0/stm32cubeide/plugins/com.st.stm32cube.ide.mcu.externaltools.gnu-tools-for-stm32.7-2018-q2-update.win32_1.5.0.202011040924/tools/bin/../lib/gcc/arm-none-eabi/7.3.1/../../../../arm-none-eabi/lib/thumb/v7e-m/fpv4-sp/hard\libc_nano.a(lib_a-nano-vfprintf_i.o)
                              c:/st/stm32cubeide_1.5.0/stm32cubeide/plugins/com.st.stm32cube.ide.mcu.externaltools.gnu-tools-for-stm32.7-2018-q2-update.win32_1.5.0.202011040924/tools/bin/../lib/gcc/arm-none-eabi/7.3.1/../../../../arm-none-eabi/lib/thumb/v7e-m/fpv4-sp/hard\libc_nano.a(lib_a-nano-vfprintf_float.o) (_printf_common)
c:/st/stm32cubeide_1.5.0/stm32cubeide/plugins/com.st.stm32cube.ide.mcu.externaltools.gnu-tools-for-stm32.7-2018-q2-update.win32_1.5.0.202011040924/tools/bin/../lib/gcc/arm-none-eabi/7.3.1/../../../../arm-none-eabi/lib/thumb/v7e-m/fpv4-sp/hard\libc_nano.a(lib_a-nano-vfscanf_float.o)
                              (_scanf_float)
c:/st/stm32cubeide_1.5.0/stm32cubeide/plugins/com.st.stm32cube.ide.mcu.externaltools.gnu-tools-for-stm32.7-2018-q2-update.win32_1.5.0.202011040924/tools/bin/../lib/gcc/arm-none-eabi/7.3.1/../../../../arm-none-eabi/lib/thumb/v7e-m/fpv4-sp/hard\libc_nano.a(lib_a-printf.o)
                              Core/Src/ffex.o (printf)
c:/st/stm32cubeide_1.5.0/stm32cubeide/plugins/com.st.stm32cube.ide.mcu.externaltools.gnu-tools-for-stm32.7-2018-q2-update.win32_1.5.0.202011040924/tools/bin/../lib/gcc/arm-none-eabi/7.3.1/../../../../arm-none-eabi/lib/thumb/v7e-m/fpv4-sp/hard\libc_nano.a(lib_a-sf_nan.o)
[...]
Memory Configuration

Name             Origin             Length             Attributes
CCMRAM           0x0000000010000000 0x0000000000010000 xrw
RAM              0x0000000020000000 0x0000000000020000 xrw
FLASH            0x0000000008000000 0x0000000000080000 xr
*default*        0x0000000000000000 0xffffffffffffffff

Linker script and memory map

LOAD c:/st/stm32cubeide_1.5.0/stm32cubeide/plugins/com.st.stm32cube.ide.mcu.externaltools.gnu-tools-for-stm32.7-2018-q2-update.win32_1.5.0.202011040924/tools/bin/../lib/gcc/arm-none-eabi/7.3.1/thumb/v7e-m/fpv4-sp/hard/crti.o
LOAD c:/st/stm32cubeide_1.5.0/stm32cubeide/plugins/com.st.stm32cube.ide.mcu.externaltools.gnu-tools-for-stm32.7-2018-q2-update.win32_1.5.0.202011040924/tools/bin/../lib/gcc/arm-none-eabi/7.3.1/thumb/v7e-m/fpv4-sp/hard/crtbegin.o
LOAD c:/st/stm32cubeide_1.5.0/stm32cubeide/plugins/com.st.stm32cube.ide.mcu.externaltools.gnu-tools-for-stm32.7-2018-q2-update.win32_1.5.0.202011040924/tools/bin/../lib/gcc/arm-none-eabi/7.3.1/../../../../arm-none-eabi/lib/thumb/v7e-m/fpv4-sp/hard/crt0.o
LOAD Core/Src/crc.o
LOAD Core/Src/dma.o
LOAD Core/Src/ffex.o
LOAD Core/Src/freertos.o
LOAD Core/Src/gpio.o
LOAD Core/Src/main.o
LOAD Core/Src/sdio.o
LOAD Core/Src/stm32f4xx_hal_msp.o
LOAD Core/Src/stm32f4xx_hal_timebase_tim.o
LOAD Core/Src/stm32f4xx_it.o
LOAD Core/Src/syscalls.o
LOAD Core/Src/sysmem.o
LOAD Core/Src/system_stm32f4xx.o
LOAD Core/Src/usart.o
LOAD Core/Startup/startup_stm32f407vetx.o
LOAD Drivers/STM32F4xx_HAL_Driver/Src/stm32f4xx_hal.o
LOAD Drivers/STM32F4xx_HAL_Driver/Src/stm32f4xx_hal_cortex.o
LOAD Drivers/STM32F4xx_HAL_Driver/Src/stm32f4xx_hal_crc.o
LOAD Drivers/STM32F4xx_HAL_Driver/Src/stm32f4xx_hal_dma.o
LOAD Drivers/STM32F4xx_HAL_Driver/Src/stm32f4xx_hal_dma_ex.o
LOAD Drivers/STM32F4xx_HAL_Driver/Src/stm32f4xx_hal_exti.o
LOAD Drivers/STM32F4xx_HAL_Driver/Src/stm32f4xx_hal_flash.o
LOAD Drivers/STM32F4xx_HAL_Driver/Src/stm32f4xx_hal_flash_ex.o
LOAD Drivers/STM32F4xx_HAL_Driver/Src/stm32f4xx_hal_flash_ramfunc.o
LOAD Drivers/STM32F4xx_HAL_Driver/Src/stm32f4xx_hal_gpio.o
LOAD Drivers/STM32F4xx_HAL_Driver/Src/stm32f4xx_hal_pwr.o
LOAD Drivers/STM32F4xx_HAL_Driver/Src/stm32f4xx_hal_pwr_ex.o
LOAD Drivers/STM32F4xx_HAL_Driver/Src/stm32f4xx_hal_rcc.o
LOAD Drivers/STM32F4xx_HAL_Driver/Src/stm32f4xx_hal_rcc_ex.o
LOAD Drivers/STM32F4xx_HAL_Driver/Src/stm32f4xx_hal_sd.o
LOAD Drivers/STM32F4xx_HAL_Driver/Src/stm32f4xx_hal_tim.o
LOAD Drivers/STM32F4xx_HAL_Driver/Src/stm32f4xx_hal_tim_ex.o
LOAD Drivers/STM32F4xx_HAL_Driver/Src/stm32f4xx_hal_uart.o
LOAD Drivers/STM32F4xx_HAL_Driver/Src/stm32f4xx_ll_sdmmc.o
LOAD FATFS/App/fatfs.o
LOAD FATFS/Target/bsp_driver_sd.o
LOAD FATFS/Target/sd_diskio.o
LOAD Middlewares/Third_Party/FatFs/src/diskio.o
LOAD Middlewares/Third_Party/FatFs/src/ff.o
LOAD Middlewares/Third_Party/FatFs/src/ff_gen_drv.o
LOAD Middlewares/Third_Party/FatFs/src/option/ccsbcs.o
LOAD Middlewares/Third_Party/FatFs/src/option/syscall.o
LOAD Middlewares/Third_Party/FreeRTOS/Source/CMSIS_RTOS/cmsis_os.o
LOAD Middlewares/Third_Party/FreeRTOS/Source/croutine.o
LOAD Middlewares/Third_Party/FreeRTOS/Source/event_groups.o
LOAD Middlewares/Third_Party/FreeRTOS/Source/list.o
LOAD Middlewares/Third_Party/FreeRTOS/Source/queue.o
LOAD Middlewares/Third_Party/FreeRTOS/Source/stream_buffer.o
LOAD Middlewares/Third_Party/FreeRTOS/Source/tasks.o
LOAD Middlewares/Third_Party/FreeRTOS/Source/timers.o
LOAD Middlewares/Third_Party/FreeRTOS/Source/portable/GCC/ARM_CM4F/port.o
LOAD Middlewares/Third_Party/FreeRTOS/Source/portable/MemMang/heap_4.o
START GROUP
LOAD c:/st/stm32cubeide_1.5.0/stm32cubeide/plugins/com.st.stm32cube.ide.mcu.externaltools.gnu-tools-for-stm32.7-2018-q2-update.win32_1.5.0.202011040924/tools/bin/../lib/gcc/arm-none-eabi/7.3.1/../../../../arm-none-eabi/lib/thumb/v7e-m/fpv4-sp/hard\libc_nano.a
LOAD c:/st/stm32cubeide_1.5.0/stm32cubeide/plugins/com.st.stm32cube.ide.mcu.externaltools.gnu-tools-for-stm32.7-2018-q2-update.win32_1.5.0.202011040924/tools/bin/../lib/gcc/arm-none-eabi/7.3.1/../../../../arm-none-eabi/lib/thumb/v7e-m/fpv4-sp/hard\libm.a
END GROUP
START GROUP
LOAD c:/st/stm32cubeide_1.5.0/stm32cubeide/plugins/com.st.stm32cube.ide.mcu.externaltools.gnu-tools-for-stm32.7-2018-q2-update.win32_1.5.0.202011040924/tools/bin/../lib/gcc/arm-none-eabi/7.3.1/thumb/v7e-m/fpv4-sp/hard\libgcc.a
LOAD c:/st/stm32cubeide_1.5.0/stm32cubeide/plugins/com.st.stm32cube.ide.mcu.externaltools.gnu-tools-for-stm32.7-2018-q2-update.win32_1.5.0.202011040924/tools/bin/../lib/gcc/arm-none-eabi/7.3.1/../../../../arm-none-eabi/lib/thumb/v7e-m/fpv4-sp/hard\libc_nano.a
END GROUP
START GROUP
LOAD c:/st/stm32cubeide_1.5.0/stm32cubeide/plugins/com.st.stm32cube.ide.mcu.externaltools.gnu-tools-for-stm32.7-2018-q2-update.win32_1.5.0.202011040924/tools/bin/../lib/gcc/arm-none-eabi/7.3.1/thumb/v7e-m/fpv4-sp/hard\libgcc.a
LOAD c:/st/stm32cubeide_1.5.0/stm32cubeide/plugins/com.st.stm32cube.ide.mcu.externaltools.gnu-tools-for-stm32.7-2018-q2-update.win32_1.5.0.202011040924/tools/bin/../lib/gcc/arm-none-eabi/7.3.1/../../../../arm-none-eabi/lib/thumb/v7e-m/fpv4-sp/hard\libc_nano.a
LOAD c:/st/stm32cubeide_1.5.0/stm32cubeide/plugins/com.st.stm32cube.ide.mcu.externaltools.gnu-tools-for-stm32.7-2018-q2-update.win32_1.5.0.202011040924/tools/bin/../lib/gcc/arm-none-eabi/7.3.1/../../../../arm-none-eabi/lib/thumb/v7e-m/fpv4-sp/hard\libnosys.a
END GROUP
START GROUP
LOAD c:/st/stm32cubeide_1.5.0/stm32cubeide/plugins/com.st.stm32cube.ide.mcu.externaltools.gnu-tools-for-stm32.7-2018-q2-update.win32_1.5.0.202011040924/tools/bin/../lib/gcc/arm-none-eabi/7.3.1/thumb/v7e-m/fpv4-sp/hard\libgcc.a
LOAD c:/st/stm32cubeide_1.5.0/stm32cubeide/plugins/com.st.stm32cube.ide.mcu.externaltools.gnu-tools-for-stm32.7-2018-q2-update.win32_1.5.0.202011040924/tools/bin/../lib/gcc/arm-none-eabi/7.3.1/../../../../arm-none-eabi/lib/thumb/v7e-m/fpv4-sp/hard\libc_nano.a
LOAD c:/st/stm32cubeide_1.5.0/stm32cubeide/plugins/com.st.stm32cube.ide.mcu.externaltools.gnu-tools-for-stm32.7-2018-q2-update.win32_1.5.0.202011040924/tools/bin/../lib/gcc/arm-none-eabi/7.3.1/../../../../arm-none-eabi/lib/thumb/v7e-m/fpv4-sp/hard\libnosys.a
END GROUP
LOAD c:/st/stm32cubeide_1.5.0/stm32cubeide/plugins/com.st.stm32cube.ide.mcu.externaltools.gnu-tools-for-stm32.7-2018-q2-update.win32_1.5.0.202011040924/tools/bin/../lib/gcc/arm-none-eabi/7.3.1/thumb/v7e-m/fpv4-sp/hard/crtend.o
LOAD c:/st/stm32cubeide_1.5.0/stm32cubeide/plugins/com.st.stm32cube.ide.mcu.externaltools.gnu-tools-for-stm32.7-2018-q2-update.win32_1.5.0.202011040924/tools/bin/../lib/gcc/arm-none-eabi/7.3.1/thumb/v7e-m/fpv4-sp/hard/crtn.o
                0x0000000020020000                _estack = (ORIGIN (RAM) + LENGTH (RAM))
                0x0000000000001000                _Min_Heap_Size = 0x1000
                0x0000000000001000                _Min_Stack_Size = 0x1000

.isr_vector     0x0000000008000000      0x188
                0x0000000008000000                . = ALIGN (0x4)
 *(.isr_vector)
 .isr_vector    0x0000000008000000      0x188 Core/Startup/startup_stm32f407vetx.o
                0x0000000008000000                g_pfnVectors
                0x0000000008000188                . = ALIGN (0x4)

.text           0x0000000008000190    0x151a8
                0x0000000008000190                . = ALIGN (0x4)
 *(.text)
 .text          0x0000000008000190       0x40 c:/st/stm32cubeide_1.5.0/stm32cubeide/plugins/com.st.stm32cube.ide.mcu.externaltools.gnu-tools-for-stm32.7-2018-q2-update.win32_1.5.0.202011040924/tools/bin/../lib/gcc/arm-none-eabi/7.3.1/thumb/v7e-m/fpv4-sp/hard/crtbegin.o
 .text          0x00000000080001d0       0x10 c:/st/stm32cubeide_1.5.0/stm32cubeide/plugins/com.st.stm32cube.ide.mcu.externaltools.gnu-tools-for-stm32.7-2018-q2-update.win32_1.5.0.202011040924/tools/bin/../lib/gcc/arm-none-eabi/7.3.1/../../../../arm-none-eabi/lib/thumb/v7e-m/fpv4-sp/hard\libc_nano.a(lib_a-strlen.o)
                0x00000000080001d0                strlen
 .text          0x00000000080001e0       0xa0 c:/st/stm32cubeide_1.5.0/stm32cubeide/plugins/com.st.stm32cube.ide.mcu.externaltools.gnu-tools-for-stm32.7-2018-q2-update.win32_1.5.0.202011040924/tools/bin/../lib/gcc/arm-none-eabi/7.3.1/../../../../arm-none-eabi/lib/thumb/v7e-m/fpv4-sp/hard\libc_nano.a(lib_a-memchr.o)
                0x00000000080001e0                memchr
 .text          0x0000000008000280      0x378 c:/st/stm32cubeide_1.5.0/stm32cubeide/plugins/com.st.stm32cube.ide.mcu.externaltools.gnu-tools-for-stm32.7-2018-q2-update.win32_1.5.0.202011040924/tools/bin/../lib/gcc/arm-none-eabi/7.3.1/thumb/v7e-m/fpv4-sp/hard\libgcc.a(_arm_addsubdf3.o)
                0x0000000008000280                __aeabi_drsub
                0x0000000008000288                __aeabi_dsub
                0x0000000008000288                __subdf3
                0x000000000800028c                __aeabi_dadd
                0x000000000800028c                __adddf3
                0x0000000008000504                __floatunsidf
                0x0000000008000504                __aeabi_ui2d
                0x0000000008000524                __floatsidf
                0x0000000008000524                __aeabi_i2d
                0x0000000008000548                __aeabi_f2d
                0x0000000008000548                __extendsfdf2
                0x000000000800058c                __floatundidf
                0x000000000800058c                __aeabi_ul2d
                0x000000000800059c                __floatdidf
                0x000000000800059c                __aeabi_l2d
 .text          0x00000000080005f8      0x424 c:/st/stm32cubeide_1.5.0/stm32cubeide/plugins/com.st.stm32cube.ide.mcu.externaltools.gnu-tools-for-stm32.7-2018-q2-update.win32_1.5.0.202011040924/tools/bin/../lib/gcc/arm-none-eabi/7.3.1/thumb/v7e-m/fpv4-sp/hard\libgcc.a(_arm_muldivdf3.o)
                0x00000000080005f8                __aeabi_dmul
                0x00000000080005f8                __muldf3
                0x000000000800084c                __divdf3
                0x000000000800084c                __aeabi_ddiv
 .text          0x0000000008000a1c      0x110 c:/st/stm32cubeide_1.5.0/stm32cubeide/plugins/com.st.stm32cube.ide.mcu.externaltools.gnu-tools-for-stm32.7-2018-q2-update.win32_1.5.0.202011040924/tools/bin/../lib/gcc/arm-none-eabi/7.3.1/thumb/v7e-m/fpv4-sp/hard\libgcc.a(_arm_cmpdf2.o)
                0x0000000008000a1c                __gtdf2
                0x0000000008000a1c                __gedf2
                0x0000000008000a24                __ltdf2
                0x0000000008000a24                __ledf2
                0x0000000008000a2c                __nedf2
                0x0000000008000a2c                __eqdf2
                0x0000000008000a2c                __cmpdf2
                0x0000000008000aa8                __aeabi_cdrcmple
                0x0000000008000ab8                __aeabi_cdcmpeq
                0x0000000008000ab8                __aeabi_cdcmple
                0x0000000008000ac8                __aeabi_dcmpeq
                0x0000000008000adc                __aeabi_dcmplt
                0x0000000008000af0                __aeabi_dcmple
                0x0000000008000b04                __aeabi_dcmpge
                0x0000000008000b18                __aeabi_dcmpgt
 .text          0x0000000008000b2c       0x2c c:/st/stm32cubeide_1.5.0/stm32cubeide/plugins/com.st.stm32cube.ide.mcu.externaltools.gnu-tools-for-stm32.7-2018-q2-update.win32_1.5.0.202011040924/tools/bin/../lib/gcc/arm-none-eabi/7.3.1/thumb/v7e-m/fpv4-sp/hard\libgcc.a(_arm_unorddf2.o)
                0x0000000008000b2c                __unorddf2
                0x0000000008000b2c                __aeabi_dcmpun
 .text          0x0000000008000b58       0x50 c:/st/stm32cubeide_1.5.0/stm32cubeide/plugins/com.st.stm32cube.ide.mcu.externaltools.gnu-tools-for-stm32.7-2018-q2-update.win32_1.5.0.202011040924/tools/bin/../lib/gcc/arm-none-eabi/7.3.1/thumb/v7e-m/fpv4-sp/hard\libgcc.a(_arm_fixdfsi.o)
                0x0000000008000b58                __aeabi_d2iz
                0x0000000008000b58                __fixdfsi
 .text          0x0000000008000ba8       0x40 c:/st/stm32cubeide_1.5.0/stm32cubeide/plugins/com.st.stm32cube.ide.mcu.externaltools.gnu-tools-for-stm32.7-2018-q2-update.win32_1.5.0.202011040924/tools/bin/../lib/gcc/arm-none-eabi/7.3.1/thumb/v7e-m/fpv4-sp/hard\libgcc.a(_arm_fixunsdfsi.o)
                0x0000000008000ba8                __aeabi_d2uiz
                0x0000000008000ba8                __fixunsdfsi
 .text          0x0000000008000be8       0xa0 c:/st/stm32cubeide_1.5.0/stm32cubeide/plugins/com.st.stm32cube.ide.mcu.externaltools.gnu-tools-for-stm32.7-2018-q2-update.win32_1.5.0.202011040924/tools/bin/../lib/gcc/arm-none-eabi/7.3.1/thumb/v7e-m/fpv4-sp/hard\libgcc.a(_arm_truncdfsf2.o)
                0x0000000008000be8                __truncdfsf2
                0x0000000008000be8                __aeabi_d2f
 .text          0x0000000008000c88       0x30 c:/st/stm32cubeide_1.5.0/stm32cubeide/plugins/com.st.stm32cube.ide.mcu.externaltools.gnu-tools-for-stm32.7-2018-q2-update.win32_1.5.0.202011040924/tools/bin/../lib/gcc/arm-none-eabi/7.3.1/thumb/v7e-m/fpv4-sp/hard\libgcc.a(_aeabi_uldivmod.o)
                0x0000000008000c88                __aeabi_uldivmod
 .text          0x0000000008000cb8      0x2cc c:/st/stm32cubeide_1.5.0/stm32cubeide/plugins/com.st.stm32cube.ide.mcu.externaltools.gnu-tools-for-stm32.7-2018-q2-update.win32_1.5.0.202011040924/tools/bin/../lib/gcc/arm-none-eabi/7.3.1/thumb/v7e-m/fpv4-sp/hard\libgcc.a(_udivmoddi4.o)
                0x0000000008000cb8                __udivmoddi4
 .text          0x0000000008000f84        0x4 c:/st/stm32cubeide_1.5.0/stm32cubeide/plugins/com.st.stm32cube.ide.mcu.externaltools.gnu-tools-for-stm32.7-2018-q2-update.win32_1.5.0.202011040924/tools/bin/../lib/gcc/arm-none-eabi/7.3.1/thumb/v7e-m/fpv4-sp/hard\libgcc.a(_dvmd_tls.o)
                0x0000000008000f84                __aeabi_idiv0
                0x0000000008000f84                __aeabi_ldiv0
 *(.text*)
 .text.MX_CRC_Init
                0x0000000008000f88       0x28 Core/Src/crc.o
                0x0000000008000f88                MX_CRC_Init
 .text.HAL_CRC_MspInit
                0x0000000008000fb0       0x44 Core/Src/crc.o
                0x0000000008000fb0                HAL_CRC_MspInit
 .text.MX_DMA_Init
                0x0000000008000ff4       0x60 Core/Src/dma.o
                0x0000000008000ff4                MX_DMA_Init
 .text.f_list   0x0000000008001054      0x118 Core/Src/ffex.o
                0x0000000008001054                f_list
 .text.f_deldir
                0x000000000800116c      0x120 Core/Src/ffex.o
                0x000000000800116c                f_deldir
 .text.vApplicationGetIdleTaskMemory
                0x000000000800128c       0x34 Core/Src/freertos.o
                0x000000000800128c                vApplicationGetIdleTaskMemory
 .text.MX_FREERTOS_Init
                0x00000000080012c0       0x38 Core/Src/freertos.o
                0x00000000080012c0                MX_FREERTOS_Init
 .text.StartDefaultTask
                0x00000000080012f8      0x460 Core/Src/freertos.o
                0x00000000080012f8                StartDefaultTask
 .text.DeleteEarlyLog
                0x0000000008001758       0xe0 Core/Src/freertos.o
                0x0000000008001758                DeleteEarlyLog
 .text.CalStorage
                0x0000000008001838      0x17c Core/Src/freertos.o
                0x0000000008001838                CalStorage
 .text.MX_GPIO_Init
                0x00000000080019b4       0xbc Core/Src/gpio.o
                0x00000000080019b4                MX_GPIO_Init
 .text.main     0x0000000008001a70       0x2e Core/Src/main.o
                0x0000000008001a70                main
 *fill*         0x0000000008001a9e        0x2 
 .text.SystemClock_Config
                0x0000000008001aa0       0xd8 Core/Src/main.o
                0x0000000008001aa0                SystemClock_Config
 .text.HAL_TIM_PeriodElapsedCallback
                0x0000000008001b78       0x24 Core/Src/main.o
                0x0000000008001b78                HAL_TIM_PeriodElapsedCallback
 .text.Error_Handler
                0x0000000008001b9c        0x8 Core/Src/main.o
                0x0000000008001b9c                Error_Handler
 .text.MX_SDIO_SD_Init
                0x0000000008001ba4       0x40 Core/Src/sdio.o
                0x0000000008001ba4                MX_SDIO_SD_Init
 .text.HAL_SD_MspInit
                0x0000000008001be4      0x1e0 Core/Src/sdio.o
                0x0000000008001be4                HAL_SD_MspInit
 .text.HAL_MspInit
                0x0000000008001dc4       0x58 Core/Src/stm32f4xx_hal_msp.o
                0x0000000008001dc4                HAL_MspInit
 .text.HAL_InitTick
                0x0000000008001e1c       0xb4 Core/Src/stm32f4xx_hal_timebase_tim.o
                0x0000000008001e1c                HAL_InitTick
 .text.NMI_Handler
                0x0000000008001ed0        0xa Core/Src/stm32f4xx_it.o
                0x0000000008001ed0                NMI_Handler
 .text.HardFault_Handler
                0x0000000008001eda        0x6 Core/Src/stm32f4xx_it.o
                0x0000000008001eda                HardFault_Handler
 .text.MemManage_Handler
                0x0000000008001ee0        0x6 Core/Src/stm32f4xx_it.o
                0x0000000008001ee0                MemManage_Handler
 .text.BusFault_Handler
                0x0000000008001ee6        0x6 Core/Src/stm32f4xx_it.o
                0x0000000008001ee6                BusFault_Handler
 .text.UsageFault_Handler
                0x0000000008001eec        0x6 Core/Src/stm32f4xx_it.o
                0x0000000008001eec                UsageFault_Handler
 .text.DebugMon_Handler
                0x0000000008001ef2        0xe Core/Src/stm32f4xx_it.o
                0x0000000008001ef2                DebugMon_Handler
 .text.TIM1_UP_TIM10_IRQHandler
                0x0000000008001f00       0x14 Core/Src/stm32f4xx_it.o
                0x0000000008001f00                TIM1_UP_TIM10_IRQHandler
 .text.USART1_IRQHandler
                0x0000000008001f14       0x18 Core/Src/stm32f4xx_it.o
                0x0000000008001f14                USART1_IRQHandler
 .text.SDIO_IRQHandler
                0x0000000008001f2c       0x14 Core/Src/stm32f4xx_it.o
                0x0000000008001f2c                SDIO_IRQHandler
 .text.DMA2_Stream2_IRQHandler
                0x0000000008001f40       0x14 Core/Src/stm32f4xx_it.o
                0x0000000008001f40                DMA2_Stream2_IRQHandler
 .text.DMA2_Stream3_IRQHandler
                0x0000000008001f54       0x14 Core/Src/stm32f4xx_it.o
                0x0000000008001f54                DMA2_Stream3_IRQHandler
 .text.DMA2_Stream6_IRQHandler
                0x0000000008001f68       0x14 Core/Src/stm32f4xx_it.o
                0x0000000008001f68                DMA2_Stream6_IRQHandler
 .text._read    0x0000000008001f7c       0x3a Core/Src/syscalls.o
                0x0000000008001f7c                _read
 .text._write   0x0000000008001fb6       0x38 Core/Src/syscalls.o
                0x0000000008001fb6                _write
 .text._close   0x0000000008001fee       0x18 Core/Src/syscalls.o
                0x0000000008001fee                _close
 .text._fstat   0x0000000008002006       0x20 Core/Src/syscalls.o
                0x0000000008002006                _fstat
 .text._isatty  0x0000000008002026       0x16 Core/Src/syscalls.o
                0x0000000008002026                _isatty
 .text._lseek   0x000000000800203c       0x1a Core/Src/syscalls.o
                0x000000000800203c                _lseek
 *fill*         0x0000000008002056        0x2 
 .text._sbrk    0x0000000008002058       0x6c Core/Src/sysmem.o
                0x0000000008002058                _sbrk
 .text.SystemInit
                0x00000000080020c4       0x2c Core/Src/system_stm32f4xx.o
                0x00000000080020c4                SystemInit
 .text.MX_USART1_UART_Init
                0x00000000080020f0       0x54 Core/Src/usart.o
                0x00000000080020f0                MX_USART1_UART_Init
 .text.HAL_UART_MspInit
                0x0000000008002144      0x12c Core/Src/usart.o
                0x0000000008002144                HAL_UART_MspInit
 .text.__io_putchar
                0x0000000008002270       0x24 Core/Src/usart.o
                0x0000000008002270                __io_putchar
 .text.My_UART_IRQHandler
                0x0000000008002294      0x1bc Core/Src/usart.o
                0x0000000008002294                My_UART_IRQHandler
 .text.Reset_Handler
                0x0000000008002450       0x50 Core/Startup/startup_stm32f407vetx.o
                0x0000000008002450                Reset_Handler
 .text.Default_Handler
                0x00000000080024a0        0x2 Core/Startup/startup_stm32f407vetx.o
                0x00000000080024a0                RTC_Alarm_IRQHandler
                0x00000000080024a0                HASH_RNG_IRQHandler
                0x00000000080024a0                EXTI2_IRQHandler
                0x00000000080024a0                TIM8_CC_IRQHandler
                0x00000000080024a0                TIM1_CC_IRQHandler
                0x00000000080024a0                DMA2_Stream5_IRQHandler
                0x00000000080024a0                DMA1_Stream5_IRQHandler
                0x00000000080024a0                PVD_IRQHandler
                0x00000000080024a0                TAMP_STAMP_IRQHandler
                0x00000000080024a0                CAN2_RX1_IRQHandler
                0x00000000080024a0                EXTI3_IRQHandler
                0x00000000080024a0                TIM8_TRG_COM_TIM14_IRQHandler
                0x00000000080024a0                TIM8_UP_TIM13_IRQHandler
                0x00000000080024a0                I2C3_ER_IRQHandler
                0x00000000080024a0                EXTI0_IRQHandler
                0x00000000080024a0                I2C2_EV_IRQHandler
                0x00000000080024a0                DMA1_Stream2_IRQHandler
                0x00000000080024a0                CAN1_RX0_IRQHandler
                0x00000000080024a0                FPU_IRQHandler
                0x00000000080024a0                OTG_HS_WKUP_IRQHandler
                0x00000000080024a0                CAN2_SCE_IRQHandler
                0x00000000080024a0                SPI1_IRQHandler
                0x00000000080024a0                TIM6_DAC_IRQHandler
                0x00000000080024a0                TIM1_BRK_TIM9_IRQHandler
                0x00000000080024a0                DCMI_IRQHandler
                0x00000000080024a0                CAN2_RX0_IRQHandler
                0x00000000080024a0                USART6_IRQHandler
                0x00000000080024a0                USART3_IRQHandler
                0x00000000080024a0                CAN1_RX1_IRQHandler
                0x00000000080024a0                UART5_IRQHandler
                0x00000000080024a0                DMA2_Stream0_IRQHandler
                0x00000000080024a0                TIM4_IRQHandler
                0x00000000080024a0                I2C1_EV_IRQHandler
                0x00000000080024a0                DMA1_Stream6_IRQHandler
                0x00000000080024a0                DMA1_Stream1_IRQHandler
                0x00000000080024a0                UART4_IRQHandler
                0x00000000080024a0                TIM3_IRQHandler
                0x00000000080024a0                RCC_IRQHandler
                0x00000000080024a0                TIM8_BRK_TIM12_IRQHandler
                0x00000000080024a0                Default_Handler
                0x00000000080024a0                EXTI15_10_IRQHandler
                0x00000000080024a0                ADC_IRQHandler
                0x00000000080024a0                DMA1_Stream7_IRQHandler
                0x00000000080024a0                TIM7_IRQHandler
                0x00000000080024a0                CAN2_TX_IRQHandler
                0x00000000080024a0                TIM5_IRQHandler
                0x00000000080024a0                DMA2_Stream7_IRQHandler
                0x00000000080024a0                I2C3_EV_IRQHandler
                0x00000000080024a0                EXTI9_5_IRQHandler
                0x00000000080024a0                RTC_WKUP_IRQHandler
                0x00000000080024a0                ETH_WKUP_IRQHandler
                0x00000000080024a0                SPI2_IRQHandler
                0x00000000080024a0                OTG_HS_EP1_IN_IRQHandler
                0x00000000080024a0                DMA1_Stream0_IRQHandler
                0x00000000080024a0                CAN1_TX_IRQHandler
                0x00000000080024a0                EXTI4_IRQHandler
                0x00000000080024a0                FSMC_IRQHandler
                0x00000000080024a0                ETH_IRQHandler
                0x00000000080024a0                OTG_HS_EP1_OUT_IRQHandler
                0x00000000080024a0                WWDG_IRQHandler
                0x00000000080024a0                TIM2_IRQHandler
                0x00000000080024a0                OTG_FS_WKUP_IRQHandler
                0x00000000080024a0                TIM1_TRG_COM_TIM11_IRQHandler
                0x00000000080024a0                OTG_HS_IRQHandler
                0x00000000080024a0                EXTI1_IRQHandler
                0x00000000080024a0                USART2_IRQHandler
                0x00000000080024a0                I2C2_ER_IRQHandler
                0x00000000080024a0                DMA2_Stream1_IRQHandler
                0x00000000080024a0                CAN1_SCE_IRQHandler
                0x00000000080024a0                FLASH_IRQHandler
                0x00000000080024a0                DMA2_Stream4_IRQHandler
                0x00000000080024a0                OTG_FS_IRQHandler
                0x00000000080024a0                SPI3_IRQHandler
                0x00000000080024a0                DMA1_Stream4_IRQHandler
                0x00000000080024a0                I2C1_ER_IRQHandler
                0x00000000080024a0                DMA1_Stream3_IRQHandler
 *fill*         0x00000000080024a2        0x2 
 .text.HAL_Init
                0x00000000080024a4       0x44 Drivers/STM32F4xx_HAL_Driver/Src/stm32f4xx_hal.o
                0x00000000080024a4                HAL_Init
 .text.HAL_IncTick
                0x00000000080024e8       0x28 Drivers/STM32F4xx_HAL_Driver/Src/stm32f4xx_hal.o
                0x00000000080024e8                HAL_IncTick
 .text.HAL_GetTick
                0x0000000008002510       0x18 Drivers/STM32F4xx_HAL_Driver/Src/stm32f4xx_hal.o
                0x0000000008002510                HAL_GetTick
 .text.HAL_Delay
                0x0000000008002528       0x44 Drivers/STM32F4xx_HAL_Driver/Src/stm32f4xx_hal.o
                0x0000000008002528                HAL_Delay
 .text.__NVIC_SetPriorityGrouping
                0x000000000800256c       0x48 Drivers/STM32F4xx_HAL_Driver/Src/stm32f4xx_hal_cortex.o
 .text.__NVIC_GetPriorityGrouping
                0x00000000080025b4       0x1c Drivers/STM32F4xx_HAL_Driver/Src/stm32f4xx_hal_cortex.o
 .text.__NVIC_EnableIRQ
                0x00000000080025d0       0x3c Drivers/STM32F4xx_HAL_Driver/Src/stm32f4xx_hal_cortex.o
 .text.__NVIC_SetPriority
                0x000000000800260c       0x54 Drivers/STM32F4xx_HAL_Driver/Src/stm32f4xx_hal_cortex.o
 .text.NVIC_EncodePriority
                0x0000000008002660       0x66 Drivers/STM32F4xx_HAL_Driver/Src/stm32f4xx_hal_cortex.o
 *fill*         0x00000000080026c6        0x2 
 .text.__NVIC_SystemReset
                0x00000000080026c8       0x28 Drivers/STM32F4xx_HAL_Driver/Src/stm32f4xx_hal_cortex.o
 .text.HAL_NVIC_SetPriorityGrouping
                0x00000000080026f0       0x16 Drivers/STM32F4xx_HAL_Driver/Src/stm32f4xx_hal_cortex.o
                0x00000000080026f0                HAL_NVIC_SetPriorityGrouping
 .text.HAL_NVIC_SetPriority
                0x0000000008002706       0x38 Drivers/STM32F4xx_HAL_Driver/Src/stm32f4xx_hal_cortex.o
                0x0000000008002706                HAL_NVIC_SetPriority
 .text.HAL_NVIC_EnableIRQ
                0x000000000800273e       0x1c Drivers/STM32F4xx_HAL_Driver/Src/stm32f4xx_hal_cortex.o
                0x000000000800273e                HAL_NVIC_EnableIRQ
 .text.HAL_NVIC_SystemReset
                0x000000000800275a        0x8 Drivers/STM32F4xx_HAL_Driver/Src/stm32f4xx_hal_cortex.o
                0x000000000800275a                HAL_NVIC_SystemReset
 .text.HAL_CRC_Init
                0x0000000008002762       0x38 Drivers/STM32F4xx_HAL_Driver/Src/stm32f4xx_hal_crc.o
                0x0000000008002762                HAL_CRC_Init
 *fill*         0x000000000800279a        0x2 
 .text.HAL_DMA_Init
                0x000000000800279c      0x15c Drivers/STM32F4xx_HAL_Driver/Src/stm32f4xx_hal_dma.o
                0x000000000800279c                HAL_DMA_Init
 .text.HAL_DMA_Start_IT
                0x00000000080028f8       0xb0 Drivers/STM32F4xx_HAL_Driver/Src/stm32f4xx_hal_dma.o
                0x00000000080028f8                HAL_DMA_Start_IT
 .text.HAL_DMA_Abort
                0x00000000080029a8       0xe0 Drivers/STM32F4xx_HAL_Driver/Src/stm32f4xx_hal_dma.o
                0x00000000080029a8                HAL_DMA_Abort
 .text.HAL_DMA_Abort_IT
                0x0000000008002a88       0x44 Drivers/STM32F4xx_HAL_Driver/Src/stm32f4xx_hal_dma.o
                0x0000000008002a88                HAL_DMA_Abort_IT
 .text.HAL_DMA_IRQHandler
                0x0000000008002acc      0x314 Drivers/STM32F4xx_HAL_Driver/Src/stm32f4xx_hal_dma.o
                0x0000000008002acc                HAL_DMA_IRQHandler
 .text.HAL_DMA_GetError
                0x0000000008002de0       0x18 Drivers/STM32F4xx_HAL_Driver/Src/stm32f4xx_hal_dma.o
                0x0000000008002de0                HAL_DMA_GetError
 .text.DMA_SetConfig
                0x0000000008002df8       0x5c Drivers/STM32F4xx_HAL_Driver/Src/stm32f4xx_hal_dma.o
 .text.DMA_CalcBaseAndBitshift
                0x0000000008002e54       0x6c Drivers/STM32F4xx_HAL_Driver/Src/stm32f4xx_hal_dma.o
 .text.DMA_CheckFifoParam
                0x0000000008002ec0       0xf4 Drivers/STM32F4xx_HAL_Driver/Src/stm32f4xx_hal_dma.o
 .text.HAL_GPIO_Init
                0x0000000008002fb4      0x334 Drivers/STM32F4xx_HAL_Driver/Src/stm32f4xx_hal_gpio.o
                0x0000000008002fb4                HAL_GPIO_Init
 .text.HAL_GPIO_WritePin
                0x00000000080032e8       0x32 Drivers/STM32F4xx_HAL_Driver/Src/stm32f4xx_hal_gpio.o
                0x00000000080032e8                HAL_GPIO_WritePin
 .text.HAL_GPIO_TogglePin
                0x000000000800331a       0x36 Drivers/STM32F4xx_HAL_Driver/Src/stm32f4xx_hal_gpio.o
                0x000000000800331a                HAL_GPIO_TogglePin
 .text.HAL_RCC_OscConfig
                0x0000000008003350      0x4e0 Drivers/STM32F4xx_HAL_Driver/Src/stm32f4xx_hal_rcc.o
                0x0000000008003350                HAL_RCC_OscConfig
 .text.HAL_RCC_ClockConfig
                0x0000000008003830      0x1cc Drivers/STM32F4xx_HAL_Driver/Src/stm32f4xx_hal_rcc.o
                0x0000000008003830                HAL_RCC_ClockConfig
 .text.HAL_RCC_EnableCSS
                0x00000000080039fc       0x18 Drivers/STM32F4xx_HAL_Driver/Src/stm32f4xx_hal_rcc.o
                0x00000000080039fc                HAL_RCC_EnableCSS
 .text.HAL_RCC_GetSysClockFreq
                0x0000000008003a14      0x1b0 Drivers/STM32F4xx_HAL_Driver/Src/stm32f4xx_hal_rcc.o
                0x0000000008003a14                HAL_RCC_GetSysClockFreq
 .text.HAL_RCC_GetHCLKFreq
                0x0000000008003bc4       0x18 Drivers/STM32F4xx_HAL_Driver/Src/stm32f4xx_hal_rcc.o
                0x0000000008003bc4                HAL_RCC_GetHCLKFreq
 .text.HAL_RCC_GetPCLK1Freq
                0x0000000008003bdc       0x28 Drivers/STM32F4xx_HAL_Driver/Src/stm32f4xx_hal_rcc.o
                0x0000000008003bdc                HAL_RCC_GetPCLK1Freq
 .text.HAL_RCC_GetPCLK2Freq
                0x0000000008003c04       0x28 Drivers/STM32F4xx_HAL_Driver/Src/stm32f4xx_hal_rcc.o
                0x0000000008003c04                HAL_RCC_GetPCLK2Freq
 .text.HAL_RCC_GetClockConfig
                0x0000000008003c2c       0x64 Drivers/STM32F4xx_HAL_Driver/Src/stm32f4xx_hal_rcc.o
                0x0000000008003c2c                HAL_RCC_GetClockConfig
 .text.HAL_RCC_NMI_IRQHandler
                0x0000000008003c90       0x28 Drivers/STM32F4xx_HAL_Driver/Src/stm32f4xx_hal_rcc.o
                0x0000000008003c90                HAL_RCC_NMI_IRQHandler
 .text.HAL_RCC_CSSCallback
                0x0000000008003cb8        0xe Drivers/STM32F4xx_HAL_Driver/Src/stm32f4xx_hal_rcc.o
                0x0000000008003cb8                HAL_RCC_CSSCallback
 .text.HAL_SD_Init
                0x0000000008003cc6       0x60 Drivers/STM32F4xx_HAL_Driver/Src/stm32f4xx_hal_sd.o
                0x0000000008003cc6                HAL_SD_Init
 *fill*         0x0000000008003d26        0x2 
 .text.HAL_SD_InitCard
                0x0000000008003d28       0xc0 Drivers/STM32F4xx_HAL_Driver/Src/stm32f4xx_hal_sd.o
                0x0000000008003d28                HAL_SD_InitCard
 .text.HAL_SD_ReadBlocks_DMA
                0x0000000008003de8      0x1d4 Drivers/STM32F4xx_HAL_Driver/Src/stm32f4xx_hal_sd.o
                0x0000000008003de8                HAL_SD_ReadBlocks_DMA
 .text.HAL_SD_WriteBlocks_DMA
                0x0000000008003fbc      0x1e0 Drivers/STM32F4xx_HAL_Driver/Src/stm32f4xx_hal_sd.o
                0x0000000008003fbc                HAL_SD_WriteBlocks_DMA
 .text.HAL_SD_IRQHandler
                0x000000000800419c      0x30c Drivers/STM32F4xx_HAL_Driver/Src/stm32f4xx_hal_sd.o
                0x000000000800419c                HAL_SD_IRQHandler
 .text.HAL_SD_ErrorCallback
                0x00000000080044a8       0x14 Drivers/STM32F4xx_HAL_Driver/Src/stm32f4xx_hal_sd.o
                0x00000000080044a8                HAL_SD_ErrorCallback
 .text.HAL_SD_GetCardCSD
                0x00000000080044bc      0x348 Drivers/STM32F4xx_HAL_Driver/Src/stm32f4xx_hal_sd.o
                0x00000000080044bc                HAL_SD_GetCardCSD
 .text.HAL_SD_GetCardInfo
                0x0000000008004804       0x58 Drivers/STM32F4xx_HAL_Driver/Src/stm32f4xx_hal_sd.o
                0x0000000008004804                HAL_SD_GetCardInfo
 .text.HAL_SD_ConfigWideBusOperation
                0x000000000800485c       0xf8 Drivers/STM32F4xx_HAL_Driver/Src/stm32f4xx_hal_sd.o
                0x000000000800485c                HAL_SD_ConfigWideBusOperation
 .text.HAL_SD_GetCardState
                0x0000000008004954       0x40 Drivers/STM32F4xx_HAL_Driver/Src/stm32f4xx_hal_sd.o
                0x0000000008004954                HAL_SD_GetCardState
 .text.SD_DMATransmitCplt
                0x0000000008004994       0x2a Drivers/STM32F4xx_HAL_Driver/Src/stm32f4xx_hal_sd.o
 .text.SD_DMAReceiveCplt
                0x00000000080049be       0x70 Drivers/STM32F4xx_HAL_Driver/Src/stm32f4xx_hal_sd.o
 *fill*         0x0000000008004a2e        0x2 
 .text.SD_DMAError
                0x0000000008004a30       0xa4 Drivers/STM32F4xx_HAL_Driver/Src/stm32f4xx_hal_sd.o
 .text.SD_DMATxAbort
                0x0000000008004ad4       0x6e Drivers/STM32F4xx_HAL_Driver/Src/stm32f4xx_hal_sd.o
 .text.SD_DMARxAbort
                0x0000000008004b42       0x6e Drivers/STM32F4xx_HAL_Driver/Src/stm32f4xx_hal_sd.o
 .text.SD_InitCard
                0x0000000008004bb0      0x19a Drivers/STM32F4xx_HAL_Driver/Src/stm32f4xx_hal_sd.o
 *fill*         0x0000000008004d4a        0x2 
 .text.SD_PowerON
                0x0000000008004d4c      0x11c Drivers/STM32F4xx_HAL_Driver/Src/stm32f4xx_hal_sd.o
 .text.SD_SendStatus
                0x0000000008004e68       0x50 Drivers/STM32F4xx_HAL_Driver/Src/stm32f4xx_hal_sd.o
 .text.SD_WideBus_Enable
                0x0000000008004eb8       0x96 Drivers/STM32F4xx_HAL_Driver/Src/stm32f4xx_hal_sd.o
 .text.SD_WideBus_Disable
                0x0000000008004f4e       0x96 Drivers/STM32F4xx_HAL_Driver/Src/stm32f4xx_hal_sd.o
 .text.SD_FindSCR
                0x0000000008004fe4      0x194 Drivers/STM32F4xx_HAL_Driver/Src/stm32f4xx_hal_sd.o
 .text.SD_Read_IT
                0x0000000008005178       0xa2 Drivers/STM32F4xx_HAL_Driver/Src/stm32f4xx_hal_sd.o
 .text.SD_Write_IT
                0x000000000800521a       0xaa Drivers/STM32F4xx_HAL_Driver/Src/stm32f4xx_hal_sd.o
 .text.HAL_TIM_Base_Init
                0x00000000080052c4       0x56 Drivers/STM32F4xx_HAL_Driver/Src/stm32f4xx_hal_tim.o
                0x00000000080052c4                HAL_TIM_Base_Init
 .text.HAL_TIM_Base_MspInit
                0x000000000800531a       0x14 Drivers/STM32F4xx_HAL_Driver/Src/stm32f4xx_hal_tim.o
                0x000000000800531a                HAL_TIM_Base_MspInit
 .text.HAL_TIM_Base_Start_IT
                0x000000000800532e       0x48 Drivers/STM32F4xx_HAL_Driver/Src/stm32f4xx_hal_tim.o
                0x000000000800532e                HAL_TIM_Base_Start_IT
 .text.HAL_TIM_IRQHandler
                0x0000000008005376      0x210 Drivers/STM32F4xx_HAL_Driver/Src/stm32f4xx_hal_tim.o
                0x0000000008005376                HAL_TIM_IRQHandler
 .text.HAL_TIM_OC_DelayElapsedCallback
                0x0000000008005586       0x14 Drivers/STM32F4xx_HAL_Driver/Src/stm32f4xx_hal_tim.o
                0x0000000008005586                HAL_TIM_OC_DelayElapsedCallback
 .text.HAL_TIM_IC_CaptureCallback
                0x000000000800559a       0x14 Drivers/STM32F4xx_HAL_Driver/Src/stm32f4xx_hal_tim.o
                0x000000000800559a                HAL_TIM_IC_CaptureCallback
 .text.HAL_TIM_PWM_PulseFinishedCallback
                0x00000000080055ae       0x14 Drivers/STM32F4xx_HAL_Driver/Src/stm32f4xx_hal_tim.o
                0x00000000080055ae                HAL_TIM_PWM_PulseFinishedCallback
 .text.HAL_TIM_TriggerCallback
                0x00000000080055c2       0x14 Drivers/STM32F4xx_HAL_Driver/Src/stm32f4xx_hal_tim.o
                0x00000000080055c2                HAL_TIM_TriggerCallback
 *fill*         0x00000000080055d6        0x2 
 .text.TIM_Base_SetConfig
                0x00000000080055d8      0x140 Drivers/STM32F4xx_HAL_Driver/Src/stm32f4xx_hal_tim.o
                0x00000000080055d8                TIM_Base_SetConfig
 .text.HAL_TIMEx_CommutCallback
                0x0000000008005718       0x14 Drivers/STM32F4xx_HAL_Driver/Src/stm32f4xx_hal_tim_ex.o
                0x0000000008005718                HAL_TIMEx_CommutCallback
 .text.HAL_TIMEx_BreakCallback
                0x000000000800572c       0x14 Drivers/STM32F4xx_HAL_Driver/Src/stm32f4xx_hal_tim_ex.o
                0x000000000800572c                HAL_TIMEx_BreakCallback
 .text.HAL_UART_Init
                0x0000000008005740       0x9a Drivers/STM32F4xx_HAL_Driver/Src/stm32f4xx_hal_uart.o
                0x0000000008005740                HAL_UART_Init
 .text.HAL_UART_Transmit
                0x00000000080057da      0x132 Drivers/STM32F4xx_HAL_Driver/Src/stm32f4xx_hal_uart.o
                0x00000000080057da                HAL_UART_Transmit
 .text.HAL_UART_Receive_DMA
                0x000000000800590c      0x100 Drivers/STM32F4xx_HAL_Driver/Src/stm32f4xx_hal_uart.o
                0x000000000800590c                HAL_UART_Receive_DMA
 .text.HAL_UART_DMAStop
                0x0000000008005a0c       0xb6 Drivers/STM32F4xx_HAL_Driver/Src/stm32f4xx_hal_uart.o
                0x0000000008005a0c                HAL_UART_DMAStop
 *fill*         0x0000000008005ac2        0x2 
 .text.HAL_UART_IRQHandler
                0x0000000008005ac4      0x200 Drivers/STM32F4xx_HAL_Driver/Src/stm32f4xx_hal_uart.o
                0x0000000008005ac4                HAL_UART_IRQHandler
 .text.HAL_UART_TxCpltCallback
                0x0000000008005cc4       0x14 Drivers/STM32F4xx_HAL_Driver/Src/stm32f4xx_hal_uart.o
                0x0000000008005cc4                HAL_UART_TxCpltCallback
 .text.HAL_UART_RxCpltCallback
                0x0000000008005cd8       0x14 Drivers/STM32F4xx_HAL_Driver/Src/stm32f4xx_hal_uart.o
                0x0000000008005cd8                HAL_UART_RxCpltCallback
 .text.HAL_UART_RxHalfCpltCallback
                0x0000000008005cec       0x14 Drivers/STM32F4xx_HAL_Driver/Src/stm32f4xx_hal_uart.o
                0x0000000008005cec                HAL_UART_RxHalfCpltCallback
 .text.HAL_UART_ErrorCallback
                0x0000000008005d00       0x14 Drivers/STM32F4xx_HAL_Driver/Src/stm32f4xx_hal_uart.o
                0x0000000008005d00                HAL_UART_ErrorCallback
 .text.UART_DMAReceiveCplt
                0x0000000008005d14       0x68 Drivers/STM32F4xx_HAL_Driver/Src/stm32f4xx_hal_uart.o
 .text.UART_DMARxHalfCplt
                0x0000000008005d7c       0x1c Drivers/STM32F4xx_HAL_Driver/Src/stm32f4xx_hal_uart.o
 .text.UART_DMAError
                0x0000000008005d98       0x94 Drivers/STM32F4xx_HAL_Driver/Src/stm32f4xx_hal_uart.o
 .text.UART_WaitOnFlagUntilTimeout
                0x0000000008005e2c       0x94 Drivers/STM32F4xx_HAL_Driver/Src/stm32f4xx_hal_uart.o
 .text.UART_EndTxTransfer
                0x0000000008005ec0       0x2c Drivers/STM32F4xx_HAL_Driver/Src/stm32f4xx_hal_uart.o
 .text.UART_EndRxTransfer
                0x0000000008005eec       0x3c Drivers/STM32F4xx_HAL_Driver/Src/stm32f4xx_hal_uart.o
 .text.UART_DMAAbortOnError
                0x0000000008005f28       0x28 Drivers/STM32F4xx_HAL_Driver/Src/stm32f4xx_hal_uart.o
 .text.UART_Transmit_IT
                0x0000000008005f50       0xac Drivers/STM32F4xx_HAL_Driver/Src/stm32f4xx_hal_uart.o
 .text.UART_EndTransmit_IT
                0x0000000008005ffc       0x30 Drivers/STM32F4xx_HAL_Driver/Src/stm32f4xx_hal_uart.o
 .text.UART_Receive_IT
                0x000000000800602c      0x102 Drivers/STM32F4xx_HAL_Driver/Src/stm32f4xx_hal_uart.o
 *fill*         0x000000000800612e        0x2 
 .text.UART_SetConfig
                0x0000000008006130      0x6f8 Drivers/STM32F4xx_HAL_Driver/Src/stm32f4xx_hal_uart.o
 .text.SDIO_Init
                0x0000000008006828       0x56 Drivers/STM32F4xx_HAL_Driver/Src/stm32f4xx_ll_sdmmc.o
                0x0000000008006828                SDIO_Init
 .text.SDIO_ReadFIFO
                0x000000000800687e       0x1a Drivers/STM32F4xx_HAL_Driver/Src/stm32f4xx_ll_sdmmc.o
                0x000000000800687e                SDIO_ReadFIFO
 .text.SDIO_WriteFIFO
                0x0000000008006898       0x22 Drivers/STM32F4xx_HAL_Driver/Src/stm32f4xx_ll_sdmmc.o
                0x0000000008006898                SDIO_WriteFIFO
 .text.SDIO_PowerState_ON
                0x00000000080068ba       0x1e Drivers/STM32F4xx_HAL_Driver/Src/stm32f4xx_ll_sdmmc.o
                0x00000000080068ba                SDIO_PowerState_ON
 .text.SDIO_GetPowerState
                0x00000000080068d8       0x1c Drivers/STM32F4xx_HAL_Driver/Src/stm32f4xx_ll_sdmmc.o
                0x00000000080068d8                SDIO_GetPowerState
 .text.SDIO_SendCommand
                0x00000000080068f4       0x54 Drivers/STM32F4xx_HAL_Driver/Src/stm32f4xx_ll_sdmmc.o
                0x00000000080068f4                SDIO_SendCommand
 .text.SDIO_GetCommandResponse
                0x0000000008006948       0x1a Drivers/STM32F4xx_HAL_Driver/Src/stm32f4xx_ll_sdmmc.o
                0x0000000008006948                SDIO_GetCommandResponse
 .text.SDIO_GetResponse
                0x0000000008006962       0x26 Drivers/STM32F4xx_HAL_Driver/Src/stm32f4xx_ll_sdmmc.o
                0x0000000008006962                SDIO_GetResponse
 .text.SDIO_ConfigData
                0x0000000008006988       0x58 Drivers/STM32F4xx_HAL_Driver/Src/stm32f4xx_ll_sdmmc.o
                0x0000000008006988                SDIO_ConfigData
 .text.SDMMC_CmdBlockLength
                0x00000000080069e0       0x44 Drivers/STM32F4xx_HAL_Driver/Src/stm32f4xx_ll_sdmmc.o
                0x00000000080069e0                SDMMC_CmdBlockLength
 .text.SDMMC_CmdReadSingleBlock
                0x0000000008006a24       0x44 Drivers/STM32F4xx_HAL_Driver/Src/stm32f4xx_ll_sdmmc.o
                0x0000000008006a24                SDMMC_CmdReadSingleBlock
 .text.SDMMC_CmdReadMultiBlock
                0x0000000008006a68       0x44 Drivers/STM32F4xx_HAL_Driver/Src/stm32f4xx_ll_sdmmc.o
                0x0000000008006a68                SDMMC_CmdReadMultiBlock
 .text.SDMMC_CmdWriteSingleBlock
                0x0000000008006aac       0x44 Drivers/STM32F4xx_HAL_Driver/Src/stm32f4xx_ll_sdmmc.o
                0x0000000008006aac                SDMMC_CmdWriteSingleBlock
 .text.SDMMC_CmdWriteMultiBlock
                0x0000000008006af0       0x44 Drivers/STM32F4xx_HAL_Driver/Src/stm32f4xx_ll_sdmmc.o
                0x0000000008006af0                SDMMC_CmdWriteMultiBlock
 .text.SDMMC_CmdStopTransfer
                0x0000000008006b34       0x44 Drivers/STM32F4xx_HAL_Driver/Src/stm32f4xx_ll_sdmmc.o
                0x0000000008006b34                SDMMC_CmdStopTransfer
 .text.SDMMC_CmdSelDesel
                0x0000000008006b78       0x46 Drivers/STM32F4xx_HAL_Driver/Src/stm32f4xx_ll_sdmmc.o
                0x0000000008006b78                SDMMC_CmdSelDesel
 .text.SDMMC_CmdGoIdleState
                0x0000000008006bbe       0x3c Drivers/STM32F4xx_HAL_Driver/Src/stm32f4xx_ll_sdmmc.o
                0x0000000008006bbe                SDMMC_CmdGoIdleState
 .text.SDMMC_CmdOperCond
                0x0000000008006bfa       0x3e Drivers/STM32F4xx_HAL_Driver/Src/stm32f4xx_ll_sdmmc.o
                0x0000000008006bfa                SDMMC_CmdOperCond
 .text.SDMMC_CmdAppCommand
                0x0000000008006c38       0x44 Drivers/STM32F4xx_HAL_Driver/Src/stm32f4xx_ll_sdmmc.o
                0x0000000008006c38                SDMMC_CmdAppCommand
 .text.SDMMC_CmdAppOperCommand
                0x0000000008006c7c       0x46 Drivers/STM32F4xx_HAL_Driver/Src/stm32f4xx_ll_sdmmc.o
                0x0000000008006c7c                SDMMC_CmdAppOperCommand
 .text.SDMMC_CmdBusWidth
                0x0000000008006cc2       0x44 Drivers/STM32F4xx_HAL_Driver/Src/stm32f4xx_ll_sdmmc.o
                0x0000000008006cc2                SDMMC_CmdBusWidth
 .text.SDMMC_CmdSendSCR
                0x0000000008006d06       0x42 Drivers/STM32F4xx_HAL_Driver/Src/stm32f4xx_ll_sdmmc.o
                0x0000000008006d06                SDMMC_CmdSendSCR
 .text.SDMMC_CmdSendCID
                0x0000000008006d48       0x3c Drivers/STM32F4xx_HAL_Driver/Src/stm32f4xx_ll_sdmmc.o
                0x0000000008006d48                SDMMC_CmdSendCID
 .text.SDMMC_CmdSendCSD
                0x0000000008006d84       0x3e Drivers/STM32F4xx_HAL_Driver/Src/stm32f4xx_ll_sdmmc.o
                0x0000000008006d84                SDMMC_CmdSendCSD
 .text.SDMMC_CmdSetRelAdd
                0x0000000008006dc2       0x42 Drivers/STM32F4xx_HAL_Driver/Src/stm32f4xx_ll_sdmmc.o
                0x0000000008006dc2                SDMMC_CmdSetRelAdd
 .text.SDMMC_CmdSendStatus
                0x0000000008006e04       0x44 Drivers/STM32F4xx_HAL_Driver/Src/stm32f4xx_ll_sdmmc.o
                0x0000000008006e04                SDMMC_CmdSendStatus
 .text.SDMMC_GetCmdError
                0x0000000008006e48       0x50 Drivers/STM32F4xx_HAL_Driver/Src/stm32f4xx_ll_sdmmc.o
 .text.SDMMC_GetCmdResp1
                0x0000000008006e98      0x1d8 Drivers/STM32F4xx_HAL_Driver/Src/stm32f4xx_ll_sdmmc.o
 .text.SDMMC_GetCmdResp2
                0x0000000008007070       0x8c Drivers/STM32F4xx_HAL_Driver/Src/stm32f4xx_ll_sdmmc.o
 .text.SDMMC_GetCmdResp3
                0x00000000080070fc       0x74 Drivers/STM32F4xx_HAL_Driver/Src/stm32f4xx_ll_sdmmc.o
 .text.SDMMC_GetCmdResp6
                0x0000000008007170       0xe8 Drivers/STM32F4xx_HAL_Driver/Src/stm32f4xx_ll_sdmmc.o
 .text.SDMMC_GetCmdResp7
                0x0000000008007258       0x98 Drivers/STM32F4xx_HAL_Driver/Src/stm32f4xx_ll_sdmmc.o
 .text.MX_FATFS_Init
                0x00000000080072f0       0x24 FATFS/App/fatfs.o
                0x00000000080072f0                MX_FATFS_Init
 .text.get_fattime
                0x0000000008007314       0x10 FATFS/App/fatfs.o
                0x0000000008007314                get_fattime
 .text.BSP_SD_Init
                0x0000000008007324       0x4c FATFS/Target/bsp_driver_sd.o
                0x0000000008007324                BSP_SD_Init
 .text.BSP_SD_ReadBlocks_DMA
                0x0000000008007370       0x34 FATFS/Target/bsp_driver_sd.o
                0x0000000008007370                BSP_SD_ReadBlocks_DMA
 .text.BSP_SD_WriteBlocks_DMA
                0x00000000080073a4       0x34 FATFS/Target/bsp_driver_sd.o
                0x00000000080073a4                BSP_SD_WriteBlocks_DMA
 .text.BSP_SD_GetCardState
                0x00000000080073d8       0x20 FATFS/Target/bsp_driver_sd.o
                0x00000000080073d8                BSP_SD_GetCardState
 .text.BSP_SD_GetCardInfo
                0x00000000080073f8       0x1c FATFS/Target/bsp_driver_sd.o
                0x00000000080073f8                BSP_SD_GetCardInfo
 .text.HAL_SD_AbortCallback
                0x0000000008007414       0x14 FATFS/Target/bsp_driver_sd.o
                0x0000000008007414                HAL_SD_AbortCallback
 .text.HAL_SD_TxCpltCallback
                0x0000000008007428       0x14 FATFS/Target/bsp_driver_sd.o
                0x0000000008007428                HAL_SD_TxCpltCallback
 .text.HAL_SD_RxCpltCallback
                0x000000000800743c       0x14 FATFS/Target/bsp_driver_sd.o
                0x000000000800743c                HAL_SD_RxCpltCallback
 .text.BSP_SD_AbortCallback
                0x0000000008007450        0xe FATFS/Target/bsp_driver_sd.o
                0x0000000008007450                BSP_SD_AbortCallback
 .text.BSP_SD_IsDetected
                0x000000000800745e       0x1a FATFS/Target/bsp_driver_sd.o
                0x000000000800745e                BSP_SD_IsDetected
 .text.SD_CheckStatusWithTimeout
                0x0000000008007478       0x3a FATFS/Target/sd_diskio.o
 *fill*         0x00000000080074b2        0x2 
 .text.SD_CheckStatus
                0x00000000080074b4       0x3c FATFS/Target/sd_diskio.o
 .text.SD_initialize
                0x00000000080074f0       0x98 FATFS/Target/sd_diskio.o
                0x00000000080074f0                SD_initialize
 .text.SD_status
                0x0000000008007588       0x1c FATFS/Target/sd_diskio.o
                0x0000000008007588                SD_status
 .text.SD_read  0x00000000080075a4       0x9c FATFS/Target/sd_diskio.o
                0x00000000080075a4                SD_read
 .text.SD_write
                0x0000000008007640       0x94 FATFS/Target/sd_diskio.o
                0x0000000008007640                SD_write
 .text.SD_ioctl
                0x00000000080076d4       0xb0 FATFS/Target/sd_diskio.o
                0x00000000080076d4                SD_ioctl
 .text.BSP_SD_WriteCpltCallback
                0x0000000008007784       0x1c FATFS/Target/sd_diskio.o
                0x0000000008007784                BSP_SD_WriteCpltCallback
 .text.BSP_SD_ReadCpltCallback
                0x00000000080077a0       0x1c FATFS/Target/sd_diskio.o
                0x00000000080077a0                BSP_SD_ReadCpltCallback
 .text.disk_status
                0x00000000080077bc       0x34 Middlewares/Third_Party/FatFs/src/diskio.o
                0x00000000080077bc                disk_status
 .text.disk_initialize
                0x00000000080077f0       0x4c Middlewares/Third_Party/FatFs/src/diskio.o
                0x00000000080077f0                disk_initialize
 .text.disk_read
                0x000000000800783c       0x40 Middlewares/Third_Party/FatFs/src/diskio.o
                0x000000000800783c                disk_read
 .text.disk_write
                0x000000000800787c       0x40 Middlewares/Third_Party/FatFs/src/diskio.o
                0x000000000800787c                disk_write
 .text.disk_ioctl
                0x00000000080078bc       0x3c Middlewares/Third_Party/FatFs/src/diskio.o
                0x00000000080078bc                disk_ioctl
 .text.ld_word  0x00000000080078f8       0x30 Middlewares/Third_Party/FatFs/src/ff.o
 .text.ld_dword
                0x0000000008007928       0x46 Middlewares/Third_Party/FatFs/src/ff.o
 .text.ld_qword
                0x000000000800796e      0x17a Middlewares/Third_Party/FatFs/src/ff.o
 .text.st_word  0x0000000008007ae8       0x36 Middlewares/Third_Party/FatFs/src/ff.o
 .text.st_dword
                0x0000000008007b1e       0x58 Middlewares/Third_Party/FatFs/src/ff.o
 .text.st_qword
                0x0000000008007b76      0x10e Middlewares/Third_Party/FatFs/src/ff.o
 .text.mem_cpy  0x0000000008007c84       0x42 Middlewares/Third_Party/FatFs/src/ff.o
 .text.mem_set  0x0000000008007cc6       0x34 Middlewares/Third_Party/FatFs/src/ff.o
 .text.mem_cmp  0x0000000008007cfa       0x4e Middlewares/Third_Party/FatFs/src/ff.o
 .text.chk_chr  0x0000000008007d48       0x36 Middlewares/Third_Party/FatFs/src/ff.o
 .text.lock_fs  0x0000000008007d7e       0x2c Middlewares/Third_Party/FatFs/src/ff.o
 .text.unlock_fs
                0x0000000008007daa       0x36 Middlewares/Third_Party/FatFs/src/ff.o
 .text.chk_lock
                0x0000000008007de0       0xb8 Middlewares/Third_Party/FatFs/src/ff.o
 .text.enq_lock
                0x0000000008007e98       0x44 Middlewares/Third_Party/FatFs/src/ff.o
 .text.inc_lock
                0x0000000008007edc      0x11c Middlewares/Third_Party/FatFs/src/ff.o
 .text.dec_lock
                0x0000000008007ff8       0x78 Middlewares/Third_Party/FatFs/src/ff.o
 .text.clear_lock
                0x0000000008008070       0x48 Middlewares/Third_Party/FatFs/src/ff.o
 .text.sync_window
                0x00000000080080b8       0x88 Middlewares/Third_Party/FatFs/src/ff.o
 .text.move_window
                0x0000000008008140       0x5a Middlewares/Third_Party/FatFs/src/ff.o
 *fill*         0x000000000800819a        0x2 
 .text.sync_fs  0x000000000800819c       0xdc Middlewares/Third_Party/FatFs/src/ff.o
 .text.clust2sect
                0x0000000008008278       0x3e Middlewares/Third_Party/FatFs/src/ff.o
 *fill*         0x00000000080082b6        0x2 
 .text.get_fat  0x00000000080082b8      0x238 Middlewares/Third_Party/FatFs/src/ff.o
 .text.put_fat  0x00000000080084f0      0x1e8 Middlewares/Third_Party/FatFs/src/ff.o
 .text.find_bitmap
                0x00000000080086d8       0xf8 Middlewares/Third_Party/FatFs/src/ff.o
 .text.change_bitmap
                0x00000000080087d0       0xd4 Middlewares/Third_Party/FatFs/src/ff.o
 .text.fill_first_frag
                0x00000000080088a4       0x5e Middlewares/Third_Party/FatFs/src/ff.o
 .text.fill_last_frag
                0x0000000008008902       0x62 Middlewares/Third_Party/FatFs/src/ff.o
 .text.remove_chain
                0x0000000008008964      0x168 Middlewares/Third_Party/FatFs/src/ff.o
 .text.create_chain
                0x0000000008008acc      0x202 Middlewares/Third_Party/FatFs/src/ff.o
 .text.clmt_clust
                0x0000000008008cce       0x84 Middlewares/Third_Party/FatFs/src/ff.o
 .text.dir_sdi  0x0000000008008d52      0x10c Middlewares/Third_Party/FatFs/src/ff.o
 .text.dir_next
                0x0000000008008e5e      0x1aa Middlewares/Third_Party/FatFs/src/ff.o
 .text.dir_alloc
                0x0000000008009008       0xb8 Middlewares/Third_Party/FatFs/src/ff.o
 .text.ld_clust
                0x00000000080090c0       0x3e Middlewares/Third_Party/FatFs/src/ff.o
 .text.st_clust
                0x00000000080090fe       0x40 Middlewares/Third_Party/FatFs/src/ff.o
 *fill*         0x000000000800913e        0x2 
 .text.cmp_lfn  0x0000000008009140       0xe0 Middlewares/Third_Party/FatFs/src/ff.o
 .text.pick_lfn
                0x0000000008009220       0xc8 Middlewares/Third_Party/FatFs/src/ff.o
 .text.put_lfn  0x00000000080092e8       0xd0 Middlewares/Third_Party/FatFs/src/ff.o
 .text.gen_numname
                0x00000000080093b8      0x11e Middlewares/Third_Party/FatFs/src/ff.o
 .text.sum_sfn  0x00000000080094d6       0x42 Middlewares/Third_Party/FatFs/src/ff.o
 .text.xdir_sum
                0x0000000008009518       0x66 Middlewares/Third_Party/FatFs/src/ff.o
 .text.xname_sum
                0x000000000800957e       0x68 Middlewares/Third_Party/FatFs/src/ff.o
 .text.xsum32   0x00000000080095e6       0x26 Middlewares/Third_Party/FatFs/src/ff.o
 .text.get_xdir_info
                0x000000000800960c      0x104 Middlewares/Third_Party/FatFs/src/ff.o
 .text.load_xdir
                0x0000000008009710      0x17c Middlewares/Third_Party/FatFs/src/ff.o
 .text.load_obj_dir
                0x000000000800988c       0x7a Middlewares/Third_Party/FatFs/src/ff.o
 .text.store_xdir
                0x0000000008009906       0xb6 Middlewares/Third_Party/FatFs/src/ff.o
 .text.create_xdir
                0x00000000080099bc       0xce Middlewares/Third_Party/FatFs/src/ff.o
 .text.dir_read
                0x0000000008009a8a      0x18e Middlewares/Third_Party/FatFs/src/ff.o
 .text.dir_find
                0x0000000008009c18      0x252 Middlewares/Third_Party/FatFs/src/ff.o
 *fill*         0x0000000008009e6a        0x2 
 .text.dir_register
                0x0000000008009e6c      0x358 Middlewares/Third_Party/FatFs/src/ff.o
 .text.dir_remove
                0x000000000800a1c4       0xb0 Middlewares/Third_Party/FatFs/src/ff.o
 .text.get_fileinfo
                0x000000000800a274      0x1d6 Middlewares/Third_Party/FatFs/src/ff.o
 *fill*         0x000000000800a44a        0x2 
 .text.create_name
                0x000000000800a44c      0x370 Middlewares/Third_Party/FatFs/src/ff.o
 .text.follow_path
                0x000000000800a7bc      0x150 Middlewares/Third_Party/FatFs/src/ff.o
 .text.get_ldnumber
                0x000000000800a90c       0x88 Middlewares/Third_Party/FatFs/src/ff.o
 .text.check_fs
                0x000000000800a994       0xc8 Middlewares/Third_Party/FatFs/src/ff.o
 .text.find_volume
                0x000000000800aa5c      0x6a0 Middlewares/Third_Party/FatFs/src/ff.o
 .text.validate
                0x000000000800b0fc       0x8e Middlewares/Third_Party/FatFs/src/ff.o
 *fill*         0x000000000800b18a        0x2 
 .text.f_mount  0x000000000800b18c       0xc8 Middlewares/Third_Party/FatFs/src/ff.o
                0x000000000800b18c                f_mount
 .text.f_open   0x000000000800b254      0x700 Middlewares/Third_Party/FatFs/src/ff.o
                0x000000000800b254                f_open
 .text.f_write  0x000000000800b954      0x3ce Middlewares/Third_Party/FatFs/src/ff.o
                0x000000000800b954                f_write
 .text.f_sync   0x000000000800bd22      0x2dc Middlewares/Third_Party/FatFs/src/ff.o
                0x000000000800bd22                f_sync
 .text.f_close  0x000000000800bffe       0x5e Middlewares/Third_Party/FatFs/src/ff.o
                0x000000000800bffe                f_close
 .text.f_opendir
                0x000000000800c05c      0x1de Middlewares/Third_Party/FatFs/src/ff.o
                0x000000000800c05c                f_opendir
 .text.f_closedir
                0x000000000800c23a       0x56 Middlewares/Third_Party/FatFs/src/ff.o
                0x000000000800c23a                f_closedir
 .text.f_readdir
                0x000000000800c290       0xca Middlewares/Third_Party/FatFs/src/ff.o
                0x000000000800c290                f_readdir
 .text.f_stat   0x000000000800c35a       0xa4 Middlewares/Third_Party/FatFs/src/ff.o
                0x000000000800c35a                f_stat
 .text.f_getfree
                0x000000000800c3fe      0x212 Middlewares/Third_Party/FatFs/src/ff.o
                0x000000000800c3fe                f_getfree
 .text.f_unlink
                0x000000000800c610      0x21c Middlewares/Third_Party/FatFs/src/ff.o
                0x000000000800c610                f_unlink
 .text.f_mkfs   0x000000000800c82c     0x11c8 Middlewares/Third_Party/FatFs/src/ff.o
                0x000000000800c82c                f_mkfs
 .text.putc_bfd
                0x000000000800d9f4       0x7a Middlewares/Third_Party/FatFs/src/ff.o
 .text.putc_flush
                0x000000000800da6e       0x4c Middlewares/Third_Party/FatFs/src/ff.o
 .text.putc_init
                0x000000000800daba       0x2a Middlewares/Third_Party/FatFs/src/ff.o
 .text.f_printf
                0x000000000800dae4      0x440 Middlewares/Third_Party/FatFs/src/ff.o
                0x000000000800dae4                f_printf
 .text.FATFS_LinkDriverEx
                0x000000000800df24       0x98 Middlewares/Third_Party/FatFs/src/ff_gen_drv.o
                0x000000000800df24                FATFS_LinkDriverEx
 .text.FATFS_LinkDriver
                0x000000000800dfbc       0x1e Middlewares/Third_Party/FatFs/src/ff_gen_drv.o
                0x000000000800dfbc                FATFS_LinkDriver
 *fill*         0x000000000800dfda        0x2 
 .text.ff_convert
                0x000000000800dfdc       0x78 Middlewares/Third_Party/FatFs/src/option/ccsbcs.o
                0x000000000800dfdc                ff_convert
 .text.ff_wtoupper
                0x000000000800e054      0x114 Middlewares/Third_Party/FatFs/src/option/ccsbcs.o
                0x000000000800e054                ff_wtoupper
 .text.ff_cre_syncobj
                0x000000000800e168       0x40 Middlewares/Third_Party/FatFs/src/option/syscall.o
                0x000000000800e168                ff_cre_syncobj
 .text.ff_del_syncobj
                0x000000000800e1a8       0x18 Middlewares/Third_Party/FatFs/src/option/syscall.o
                0x000000000800e1a8                ff_del_syncobj
 .text.ff_req_grant
                0x000000000800e1c0       0x2a Middlewares/Third_Party/FatFs/src/option/syscall.o
                0x000000000800e1c0                ff_req_grant
 .text.ff_rel_grant
                0x000000000800e1ea       0x16 Middlewares/Third_Party/FatFs/src/option/syscall.o
                0x000000000800e1ea                ff_rel_grant
 .text.makeFreeRtosPriority
                0x000000000800e200       0x30 Middlewares/Third_Party/FreeRTOS/Source/CMSIS_RTOS/cmsis_os.o
 .text.inHandlerMode
                0x000000000800e230       0x24 Middlewares/Third_Party/FreeRTOS/Source/CMSIS_RTOS/cmsis_os.o
 .text.osKernelStart
                0x000000000800e254        0xe Middlewares/Third_Party/FreeRTOS/Source/CMSIS_RTOS/cmsis_os.o
                0x000000000800e254                osKernelStart
 .text.osKernelRunning
                0x000000000800e262       0x18 Middlewares/Third_Party/FreeRTOS/Source/CMSIS_RTOS/cmsis_os.o
                0x000000000800e262                osKernelRunning
 .text.osKernelSysTick
                0x000000000800e27a       0x20 Middlewares/Third_Party/FreeRTOS/Source/CMSIS_RTOS/cmsis_os.o
                0x000000000800e27a                osKernelSysTick
 .text.osThreadCreate
                0x000000000800e29a       0x98 Middlewares/Third_Party/FreeRTOS/Source/CMSIS_RTOS/cmsis_os.o
                0x000000000800e29a                osThreadCreate
 .text.osDelay  0x000000000800e332       0x28 Middlewares/Third_Party/FreeRTOS/Source/CMSIS_RTOS/cmsis_os.o
                0x000000000800e332                osDelay
 .text.osSemaphoreCreate
                0x000000000800e35a       0x66 Middlewares/Third_Party/FreeRTOS/Source/CMSIS_RTOS/cmsis_os.o
                0x000000000800e35a                osSemaphoreCreate
 .text.osSemaphoreWait
                0x000000000800e3c0       0x9c Middlewares/Third_Party/FreeRTOS/Source/CMSIS_RTOS/cmsis_os.o
                0x000000000800e3c0                osSemaphoreWait
 .text.osSemaphoreRelease
                0x000000000800e45c       0x6c Middlewares/Third_Party/FreeRTOS/Source/CMSIS_RTOS/cmsis_os.o
                0x000000000800e45c                osSemaphoreRelease
 .text.osSemaphoreDelete
                0x000000000800e4c8       0x26 Middlewares/Third_Party/FreeRTOS/Source/CMSIS_RTOS/cmsis_os.o
                0x000000000800e4c8                osSemaphoreDelete
 .text.osMessageCreate
                0x000000000800e4ee       0x52 Middlewares/Third_Party/FreeRTOS/Source/CMSIS_RTOS/cmsis_os.o
                0x000000000800e4ee                osMessageCreate
 .text.osMessagePut
                0x000000000800e540       0x80 Middlewares/Third_Party/FreeRTOS/Source/CMSIS_RTOS/cmsis_os.o
                0x000000000800e540                osMessagePut
 .text.osMessageGet
                0x000000000800e5c0       0xe8 Middlewares/Third_Party/FreeRTOS/Source/CMSIS_RTOS/cmsis_os.o
                0x000000000800e5c0                osMessageGet
 .text.vListInitialise
                0x000000000800e6a8       0x40 Middlewares/Third_Party/FreeRTOS/Source/list.o
                0x000000000800e6a8                vListInitialise
 .text.vListInitialiseItem
                0x000000000800e6e8       0x1a Middlewares/Third_Party/FreeRTOS/Source/list.o
                0x000000000800e6e8                vListInitialiseItem
 .text.vListInsertEnd
                0x000000000800e702       0x48 Middlewares/Third_Party/FreeRTOS/Source/list.o
                0x000000000800e702                vListInsertEnd
 .text.vListInsert
                0x000000000800e74a       0x72 Middlewares/Third_Party/FreeRTOS/Source/list.o
                0x000000000800e74a                vListInsert
 .text.uxListRemove
                0x000000000800e7bc       0x54 Middlewares/Third_Party/FreeRTOS/Source/list.o
                0x000000000800e7bc                uxListRemove
 .text.xQueueGenericReset
                0x000000000800e810       0xd0 Middlewares/Third_Party/FreeRTOS/Source/queue.o
                0x000000000800e810                xQueueGenericReset
 .text.xQueueGenericCreateStatic
                0x000000000800e8e0       0xe6 Middlewares/Third_Party/FreeRTOS/Source/queue.o
                0x000000000800e8e0                xQueueGenericCreateStatic
 .text.xQueueGenericCreate
                0x000000000800e9c6       0x7e Middlewares/Third_Party/FreeRTOS/Source/queue.o
                0x000000000800e9c6                xQueueGenericCreate
 .text.prvInitialiseNewQueue
                0x000000000800ea44       0x3e Middlewares/Third_Party/FreeRTOS/Source/queue.o
 *fill*         0x000000000800ea82        0x2 
 .text.xQueueGenericSend
                0x000000000800ea84      0x1f4 Middlewares/Third_Party/FreeRTOS/Source/queue.o
                0x000000000800ea84                xQueueGenericSend
 .text.xQueueGenericSendFromISR
                0x000000000800ec78      0x128 Middlewares/Third_Party/FreeRTOS/Source/queue.o
                0x000000000800ec78                xQueueGenericSendFromISR
 .text.xQueueGiveFromISR
                0x000000000800eda0      0x112 Middlewares/Third_Party/FreeRTOS/Source/queue.o
                0x000000000800eda0                xQueueGiveFromISR
 *fill*         0x000000000800eeb2        0x2 
 .text.xQueueReceive
                0x000000000800eeb4      0x1b8 Middlewares/Third_Party/FreeRTOS/Source/queue.o
                0x000000000800eeb4                xQueueReceive
 .text.xQueueSemaphoreTake
                0x000000000800f06c      0x210 Middlewares/Third_Party/FreeRTOS/Source/queue.o
                0x000000000800f06c                xQueueSemaphoreTake
 .text.xQueueReceiveFromISR
                0x000000000800f27c       0xfa Middlewares/Third_Party/FreeRTOS/Source/queue.o
                0x000000000800f27c                xQueueReceiveFromISR
 .text.vQueueDelete
                0x000000000800f376       0x44 Middlewares/Third_Party/FreeRTOS/Source/queue.o
                0x000000000800f376                vQueueDelete
 .text.prvGetDisinheritPriorityAfterTimeout
                0x000000000800f3ba       0x30 Middlewares/Third_Party/FreeRTOS/Source/queue.o
 .text.prvCopyDataToQueue
                0x000000000800f3ea       0xd4 Middlewares/Third_Party/FreeRTOS/Source/queue.o
 .text.prvCopyDataFromQueue
                0x000000000800f4be       0x4c Middlewares/Third_Party/FreeRTOS/Source/queue.o
 .text.prvUnlockQueue
                0x000000000800f50a       0xa4 Middlewares/Third_Party/FreeRTOS/Source/queue.o
 .text.prvIsQueueEmpty
                0x000000000800f5ae       0x2c Middlewares/Third_Party/FreeRTOS/Source/queue.o
 .text.prvIsQueueFull
                0x000000000800f5da       0x30 Middlewares/Third_Party/FreeRTOS/Source/queue.o
 *fill*         0x000000000800f60a        0x2 
 .text.vQueueUnregisterQueue
                0x000000000800f60c       0x54 Middlewares/Third_Party/FreeRTOS/Source/queue.o
                0x000000000800f60c                vQueueUnregisterQueue
 .text.xTaskCreateStatic
                0x000000000800f660       0xb4 Middlewares/Third_Party/FreeRTOS/Source/tasks.o
                0x000000000800f660                xTaskCreateStatic
 .text.xTaskCreate
                0x000000000800f714       0x8a Middlewares/Third_Party/FreeRTOS/Source/tasks.o
                0x000000000800f714                xTaskCreate
 .text.prvInitialiseNewTask
                0x000000000800f79e      0x10c Middlewares/Third_Party/FreeRTOS/Source/tasks.o
 *fill*         0x000000000800f8aa        0x2 
 .text.prvAddNewTaskToReadyList
                0x000000000800f8ac       0xd4 Middlewares/Third_Party/FreeRTOS/Source/tasks.o
 .text.vTaskDelay
                0x000000000800f980       0x68 Middlewares/Third_Party/FreeRTOS/Source/tasks.o
                0x000000000800f980                vTaskDelay
 .text.vTaskStartScheduler
                0x000000000800f9e8       0xbc Middlewares/Third_Party/FreeRTOS/Source/tasks.o
                0x000000000800f9e8                vTaskStartScheduler
 .text.vTaskSuspendAll
                0x000000000800faa4       0x1c Middlewares/Third_Party/FreeRTOS/Source/tasks.o
                0x000000000800faa4                vTaskSuspendAll
 .text.xTaskResumeAll
                0x000000000800fac0      0x138 Middlewares/Third_Party/FreeRTOS/Source/tasks.o
                0x000000000800fac0                xTaskResumeAll
 .text.xTaskGetTickCount
                0x000000000800fbf8       0x20 Middlewares/Third_Party/FreeRTOS/Source/tasks.o
                0x000000000800fbf8                xTaskGetTickCount
 .text.xTaskGetTickCountFromISR
                0x000000000800fc18       0x24 Middlewares/Third_Party/FreeRTOS/Source/tasks.o
                0x000000000800fc18                xTaskGetTickCountFromISR
 .text.xTaskIncrementTick
                0x000000000800fc3c      0x170 Middlewares/Third_Party/FreeRTOS/Source/tasks.o
                0x000000000800fc3c                xTaskIncrementTick
 .text.vTaskSwitchContext
                0x000000000800fdac       0xb4 Middlewares/Third_Party/FreeRTOS/Source/tasks.o
                0x000000000800fdac                vTaskSwitchContext
 .text.vTaskPlaceOnEventList
                0x000000000800fe60       0x48 Middlewares/Third_Party/FreeRTOS/Source/tasks.o
                0x000000000800fe60                vTaskPlaceOnEventList
 .text.xTaskRemoveFromEventList
                0x000000000800fea8       0xc4 Middlewares/Third_Party/FreeRTOS/Source/tasks.o
                0x000000000800fea8                xTaskRemoveFromEventList
 .text.vTaskInternalSetTimeOutState
                0x000000000800ff6c       0x2c Middlewares/Third_Party/FreeRTOS/Source/tasks.o
                0x000000000800ff6c                vTaskInternalSetTimeOutState
 .text.xTaskCheckForTimeOut
                0x000000000800ff98       0xc0 Middlewares/Third_Party/FreeRTOS/Source/tasks.o
                0x000000000800ff98                xTaskCheckForTimeOut
 .text.vTaskMissedYield
                0x0000000008010058       0x18 Middlewares/Third_Party/FreeRTOS/Source/tasks.o
                0x0000000008010058                vTaskMissedYield
 .text.prvIdleTask
                0x0000000008010070       0x30 Middlewares/Third_Party/FreeRTOS/Source/tasks.o
 .text.prvInitialiseTaskLists
                0x00000000080100a0       0x80 Middlewares/Third_Party/FreeRTOS/Source/tasks.o
 .text.prvCheckTasksWaitingTermination
                0x0000000008010120       0x58 Middlewares/Third_Party/FreeRTOS/Source/tasks.o
 .text.prvDeleteTCB
                0x0000000008010178       0x5c Middlewares/Third_Party/FreeRTOS/Source/tasks.o
 .text.prvResetNextTaskUnblockTime
                0x00000000080101d4       0x40 Middlewares/Third_Party/FreeRTOS/Source/tasks.o
 .text.xTaskGetSchedulerState
                0x0000000008010214       0x3c Middlewares/Third_Party/FreeRTOS/Source/tasks.o
                0x0000000008010214                xTaskGetSchedulerState
 .text.xTaskPriorityInherit
                0x0000000008010250      0x100 Middlewares/Third_Party/FreeRTOS/Source/tasks.o
                0x0000000008010250                xTaskPriorityInherit
 .text.xTaskPriorityDisinherit
                0x0000000008010350      0x108 Middlewares/Third_Party/FreeRTOS/Source/tasks.o
                0x0000000008010350                xTaskPriorityDisinherit
 .text.vTaskPriorityDisinheritAfterTimeout
                0x0000000008010458      0x130 Middlewares/Third_Party/FreeRTOS/Source/tasks.o
                0x0000000008010458                vTaskPriorityDisinheritAfterTimeout
 .text.pvTaskIncrementMutexHeldCount
                0x0000000008010588       0x28 Middlewares/Third_Party/FreeRTOS/Source/tasks.o
                0x0000000008010588                pvTaskIncrementMutexHeldCount
 .text.prvAddCurrentTaskToDelayedList
                0x00000000080105b0       0xcc Middlewares/Third_Party/FreeRTOS/Source/tasks.o
 .text.pxPortInitialiseStack
                0x000000000801067c       0x68 Middlewares/Third_Party/FreeRTOS/Source/portable/GCC/ARM_CM4F/port.o
                0x000000000801067c                pxPortInitialiseStack
 .text.prvTaskExitError
                0x00000000080106e4       0x54 Middlewares/Third_Party/FreeRTOS/Source/portable/GCC/ARM_CM4F/port.o
 *fill*         0x0000000008010738        0x8 
 .text.SVC_Handler
                0x0000000008010740       0x28 Middlewares/Third_Party/FreeRTOS/Source/portable/GCC/ARM_CM4F/port.o
                0x0000000008010740                SVC_Handler
 .text.prvPortStartFirstTask
                0x0000000008010768       0x28 Middlewares/Third_Party/FreeRTOS/Source/portable/GCC/ARM_CM4F/port.o
 .text.xPortStartScheduler
                0x0000000008010790      0x13c Middlewares/Third_Party/FreeRTOS/Source/portable/GCC/ARM_CM4F/port.o
                0x0000000008010790                xPortStartScheduler
 .text.vPortEnterCritical
                0x00000000080108cc       0x5c Middlewares/Third_Party/FreeRTOS/Source/portable/GCC/ARM_CM4F/port.o
                0x00000000080108cc                vPortEnterCritical
 .text.vPortExitCritical
                0x0000000008010928       0x50 Middlewares/Third_Party/FreeRTOS/Source/portable/GCC/ARM_CM4F/port.o
                0x0000000008010928                vPortExitCritical
 *fill*         0x0000000008010978        0x8 
 .text.PendSV_Handler
                0x0000000008010980       0x68 Middlewares/Third_Party/FreeRTOS/Source/portable/GCC/ARM_CM4F/port.o
                0x0000000008010980                PendSV_Handler
 .text.SysTick_Handler
                0x00000000080109e8       0x40 Middlewares/Third_Party/FreeRTOS/Source/portable/GCC/ARM_CM4F/port.o
                0x00000000080109e8                SysTick_Handler
 .text.vPortSetupTimerInterrupt
                0x0000000008010a28       0x48 Middlewares/Third_Party/FreeRTOS/Source/portable/GCC/ARM_CM4F/port.o
                0x0000000008010a28                vPortSetupTimerInterrupt
 .text.vPortEnableVFP
                0x0000000008010a70       0x14 Middlewares/Third_Party/FreeRTOS/Source/portable/GCC/ARM_CM4F/port.o
 .text.vPortValidateInterruptPriority
                0x0000000008010a84       0x7c Middlewares/Third_Party/FreeRTOS/Source/portable/GCC/ARM_CM4F/port.o
                0x0000000008010a84                vPortValidateInterruptPriority
 .text.pvPortMalloc
                0x0000000008010b00      0x184 Middlewares/Third_Party/FreeRTOS/Source/portable/MemMang/heap_4.o
                0x0000000008010b00                pvPortMalloc
 .text.vPortFree
                0x0000000008010c84       0xb0 Middlewares/Third_Party/FreeRTOS/Source/portable/MemMang/heap_4.o
                0x0000000008010c84                vPortFree
 .text.prvHeapInit
                0x0000000008010d34       0xc4 Middlewares/Third_Party/FreeRTOS/Source/portable/MemMang/heap_4.o
 .text.prvInsertBlockIntoFreeList
                0x0000000008010df8       0xb4 Middlewares/Third_Party/FreeRTOS/Source/portable/MemMang/heap_4.o
 .text.__errno  0x0000000008010eac        0xc c:/st/stm32cubeide_1.5.0/stm32cubeide/plugins/com.st.stm32cube.ide.mcu.externaltools.gnu-tools-for-stm32.7-2018-q2-update.win32_1.5.0.202011040924/tools/bin/../lib/gcc/arm-none-eabi/7.3.1/../../../../arm-none-eabi/lib/thumb/v7e-m/fpv4-sp/hard\libc_nano.a(lib_a-errno.o)
                0x0000000008010eac                __errno
 .text.__libc_init_array
                0x0000000008010eb8       0x48 c:/st/stm32cubeide_1.5.0/stm32cubeide/plugins/com.st.stm32cube.ide.mcu.externaltools.gnu-tools-for-stm32.7-2018-q2-update.win32_1.5.0.202011040924/tools/bin/../lib/gcc/arm-none-eabi/7.3.1/../../../../arm-none-eabi/lib/thumb/v7e-m/fpv4-sp/hard\libc_nano.a(lib_a-init.o)
                0x0000000008010eb8                __libc_init_array
 .text.memcpy   0x0000000008010f00       0x16 c:/st/stm32cubeide_1.5.0/stm32cubeide/plugins/com.st.stm32cube.ide.mcu.externaltools.gnu-tools-for-stm32.7-2018-q2-update.win32_1.5.0.202011040924/tools/bin/../lib/gcc/arm-none-eabi/7.3.1/../../../../arm-none-eabi/lib/thumb/v7e-m/fpv4-sp/hard\libc_nano.a(lib_a-memcpy-stub.o)
                0x0000000008010f00                memcpy
 .text.memset   0x0000000008010f16       0x10 c:/st/stm32cubeide_1.5.0/stm32cubeide/plugins/com.st.stm32cube.ide.mcu.externaltools.gnu-tools-for-stm32.7-2018-q2-update.win32_1.5.0.202011040924/tools/bin/../lib/gcc/arm-none-eabi/7.3.1/../../../../arm-none-eabi/lib/thumb/v7e-m/fpv4-sp/hard\libc_nano.a(lib_a-memset.o)
                0x0000000008010f16                memset
 .text.__cvt    0x0000000008010f26       0xc2 c:/st/stm32cubeide_1.5.0/stm32cubeide/plugins/com.st.stm32cube.ide.mcu.externaltools.gnu-tools-for-stm32.7-2018-q2-update.win32_1.5.0.202011040924/tools/bin/../lib/gcc/arm-none-eabi/7.3.1/../../../../arm-none-eabi/lib/thumb/v7e-m/fpv4-sp/hard\libc_nano.a(lib_a-nano-vfprintf_float.o)
                0x0000000008010f26                __cvt
 .text.__exponent
                0x0000000008010fe8       0x66 c:/st/stm32cubeide_1.5.0/stm32cubeide/plugins/com.st.stm32cube.ide.mcu.externaltools.gnu-tools-for-stm32.7-2018-q2-update.win32_1.5.0.202011040924/tools/bin/../lib/gcc/arm-none-eabi/7.3.1/../../../../arm-none-eabi/lib/thumb/v7e-m/fpv4-sp/hard\libc_nano.a(lib_a-nano-vfprintf_float.o)
                0x0000000008010fe8                __exponent
 *fill*         0x000000000801104e        0x2 
 .text._printf_float
                0x0000000008011050      0x480 c:/st/stm32cubeide_1.5.0/stm32cubeide/plugins/com.st.stm32cube.ide.mcu.externaltools.gnu-tools-for-stm32.7-2018-q2-update.win32_1.5.0.202011040924/tools/bin/../lib/gcc/arm-none-eabi/7.3.1/../../../../arm-none-eabi/lib/thumb/v7e-m/fpv4-sp/hard\libc_nano.a(lib_a-nano-vfprintf_float.o)
                0x0000000008011050                _printf_float
 .text._printf_common
                0x00000000080114d0       0xea c:/st/stm32cubeide_1.5.0/stm32cubeide/plugins/com.st.stm32cube.ide.mcu.externaltools.gnu-tools-for-stm32.7-2018-q2-update.win32_1.5.0.202011040924/tools/bin/../lib/gcc/arm-none-eabi/7.3.1/../../../../arm-none-eabi/lib/thumb/v7e-m/fpv4-sp/hard\libc_nano.a(lib_a-nano-vfprintf_i.o)
                0x00000000080114d0                _printf_common
 *fill*         0x00000000080115ba        0x2 
 .text._printf_i
                0x00000000080115bc      0x224 c:/st/stm32cubeide_1.5.0/stm32cubeide/plugins/com.st.stm32cube.ide.mcu.externaltools.gnu-tools-for-stm32.7-2018-q2-update.win32_1.5.0.202011040924/tools/bin/../lib/gcc/arm-none-eabi/7.3.1/../../../../arm-none-eabi/lib/thumb/v7e-m/fpv4-sp/hard\libc_nano.a(lib_a-nano-vfprintf_i.o)
                0x00000000080115bc                _printf_i
 .text._scanf_float
                0x00000000080117e0      0x3c4 c:/st/stm32cubeide_1.5.0/stm32cubeide/plugins/com.st.stm32cube.ide.mcu.externaltools.gnu-tools-for-stm32.7-2018-q2-update.win32_1.5.0.202011040924/tools/bin/../lib/gcc/arm-none-eabi/7.3.1/../../../../arm-none-eabi/lib/thumb/v7e-m/fpv4-sp/hard\libc_nano.a(lib_a-nano-vfscanf_float.o)
                0x00000000080117e0                _scanf_float
 .text.printf   0x0000000008011ba4       0x30 c:/st/stm32cubeide_1.5.0/stm32cubeide/plugins/com.st.stm32cube.ide.mcu.externaltools.gnu-tools-for-stm32.7-2018-q2-update.win32_1.5.0.202011040924/tools/bin/../lib/gcc/arm-none-eabi/7.3.1/../../../../arm-none-eabi/lib/thumb/v7e-m/fpv4-sp/hard\libc_nano.a(lib_a-printf.o)
                0x0000000008011ba4                iprintf
                0x0000000008011ba4                printf
 .text.nanf     0x0000000008011bd4        0xc c:/st/stm32cubeide_1.5.0/stm32cubeide/plugins/com.st.stm32cube.ide.mcu.externaltools.gnu-tools-for-stm32.7-2018-q2-update.win32_1.5.0.202011040924/tools/bin/../lib/gcc/arm-none-eabi/7.3.1/../../../../arm-none-eabi/lib/thumb/v7e-m/fpv4-sp/hard\libc_nano.a(lib_a-sf_nan.o)
                0x0000000008011bd4                nanf
 .text.sprintf  0x0000000008011be0       0x40 c:/st/stm32cubeide_1.5.0/stm32cubeide/plugins/com.st.stm32cube.ide.mcu.externaltools.gnu-tools-for-stm32.7-2018-q2-update.win32_1.5.0.202011040924/tools/bin/../lib/gcc/arm-none-eabi/7.3.1/../../../../arm-none-eabi/lib/thumb/v7e-m/fpv4-sp/hard\libc_nano.a(lib_a-sprintf.o)
                0x0000000008011be0                siprintf
                0x0000000008011be0                sprintf
 .text.strcat   0x0000000008011c20       0x1e c:/st/stm32cubeide_1.5.0/stm32cubeide/plugins/com.st.stm32cube.ide.mcu.externaltools.gnu-tools-for-stm32.7-2018-q2-update.win32_1.5.0.202011040924/tools/bin/../lib/gcc/arm-none-eabi/7.3.1/../../../../arm-none-eabi/lib/thumb/v7e-m/fpv4-sp/hard\libc_nano.a(lib_a-strcat.o)
                0x0000000008011c20                strcat
 .text.strstr   0x0000000008011c3e       0x34 c:/st/stm32cubeide_1.5.0/stm32cubeide/plugins/com.st.stm32cube.ide.mcu.externaltools.gnu-tools-for-stm32.7-2018-q2-update.win32_1.5.0.202011040924/tools/bin/../lib/gcc/arm-none-eabi/7.3.1/../../../../arm-none-eabi/lib/thumb/v7e-m/fpv4-sp/hard\libc_nano.a(lib_a-strstr.o)
                0x0000000008011c3e                strstr
 .text.unlikely.sulp
                0x0000000008011c72       0x38 c:/st/stm32cubeide_1.5.0/stm32cubeide/plugins/com.st.stm32cube.ide.mcu.externaltools.gnu-tools-for-stm32.7-2018-q2-update.win32_1.5.0.202011040924/tools/bin/../lib/gcc/arm-none-eabi/7.3.1/../../../../arm-none-eabi/lib/thumb/v7e-m/fpv4-sp/hard\libc_nano.a(lib_a-strtod.o)
 *fill*         0x0000000008011caa        0x6 
 .text._strtod_l
                0x0000000008011cb0      0xbe8 c:/st/stm32cubeide_1.5.0/stm32cubeide/plugins/com.st.stm32cube.ide.mcu.externaltools.gnu-tools-for-stm32.7-2018-q2-update.win32_1.5.0.202011040924/tools/bin/../lib/gcc/arm-none-eabi/7.3.1/../../../../arm-none-eabi/lib/thumb/v7e-m/fpv4-sp/hard\libc_nano.a(lib_a-strtod.o)
                0x0000000008011cb0                _strtod_l
 .text._strtod_r
                0x0000000008012898       0x20 c:/st/stm32cubeide_1.5.0/stm32cubeide/plugins/com.st.stm32cube.ide.mcu.externaltools.gnu-tools-for-stm32.7-2018-q2-update.win32_1.5.0.202011040924/tools/bin/../lib/gcc/arm-none-eabi/7.3.1/../../../../arm-none-eabi/lib/thumb/v7e-m/fpv4-sp/hard\libc_nano.a(lib_a-strtod.o)
                0x0000000008012898                _strtod_r
 .text._strtol_l.isra.0
                0x00000000080128b8       0xf6 c:/st/stm32cubeide_1.5.0/stm32cubeide/plugins/com.st.stm32cube.ide.mcu.externaltools.gnu-tools-for-stm32.7-2018-q2-update.win32_1.5.0.202011040924/tools/bin/../lib/gcc/arm-none-eabi/7.3.1/../../../../arm-none-eabi/lib/thumb/v7e-m/fpv4-sp/hard\libc_nano.a(lib_a-strtol.o)
 *fill*         0x00000000080129ae        0x2 
 .text._strtol_r
                0x00000000080129b0       0x24 c:/st/stm32cubeide_1.5.0/stm32cubeide/plugins/com.st.stm32cube.ide.mcu.externaltools.gnu-tools-for-stm32.7-2018-q2-update.win32_1.5.0.202011040924/tools/bin/../lib/gcc/arm-none-eabi/7.3.1/../../../../arm-none-eabi/lib/thumb/v7e-m/fpv4-sp/hard\libc_nano.a(lib_a-strtol.o)
                0x00000000080129b0                _strtol_r
 .text.quorem   0x00000000080129d4      0x118 c:/st/stm32cubeide_1.5.0/stm32cubeide/plugins/com.st.stm32cube.ide.mcu.externaltools.gnu-tools-for-stm32.7-2018-q2-update.win32_1.5.0.202011040924/tools/bin/../lib/gcc/arm-none-eabi/7.3.1/../../../../arm-none-eabi/lib/thumb/v7e-m/fpv4-sp/hard\libc_nano.a(lib_a-dtoa.o)
 *fill*         0x0000000008012aec        0x4 
 .text._dtoa_r  0x0000000008012af0      0xb70 c:/st/stm32cubeide_1.5.0/stm32cubeide/plugins/com.st.stm32cube.ide.mcu.externaltools.gnu-tools-for-stm32.7-2018-q2-update.win32_1.5.0.202011040924/tools/bin/../lib/gcc/arm-none-eabi/7.3.1/../../../../arm-none-eabi/lib/thumb/v7e-m/fpv4-sp/hard\libc_nano.a(lib_a-dtoa.o)
                0x0000000008012af0                _dtoa_r
 .text.std      0x0000000008013660       0x48 c:/st/stm32cubeide_1.5.0/stm32cubeide/plugins/com.st.stm32cube.ide.mcu.externaltools.gnu-tools-for-stm32.7-2018-q2-update.win32_1.5.0.202011040924/tools/bin/../lib/gcc/arm-none-eabi/7.3.1/../../../../arm-none-eabi/lib/thumb/v7e-m/fpv4-sp/hard\libc_nano.a(lib_a-findfp.o)
 .text._cleanup_r
                0x00000000080136a8        0xc c:/st/stm32cubeide_1.5.0/stm32cubeide/plugins/com.st.stm32cube.ide.mcu.externaltools.gnu-tools-for-stm32.7-2018-q2-update.win32_1.5.0.202011040924/tools/bin/../lib/gcc/arm-none-eabi/7.3.1/../../../../arm-none-eabi/lib/thumb/v7e-m/fpv4-sp/hard\libc_nano.a(lib_a-findfp.o)
                0x00000000080136a8                _cleanup_r
 .text.__sfmoreglue
                0x00000000080136b4       0x2c c:/st/stm32cubeide_1.5.0/stm32cubeide/plugins/com.st.stm32cube.ide.mcu.externaltools.gnu-tools-for-stm32.7-2018-q2-update.win32_1.5.0.202011040924/tools/bin/../lib/gcc/arm-none-eabi/7.3.1/../../../../arm-none-eabi/lib/thumb/v7e-m/fpv4-sp/hard\libc_nano.a(lib_a-findfp.o)
                0x00000000080136b4                __sfmoreglue
 .text.__sinit  0x00000000080136e0       0x60 c:/st/stm32cubeide_1.5.0/stm32cubeide/plugins/com.st.stm32cube.ide.mcu.externaltools.gnu-tools-for-stm32.7-2018-q2-update.win32_1.5.0.202011040924/tools/bin/../lib/gcc/arm-none-eabi/7.3.1/../../../../arm-none-eabi/lib/thumb/v7e-m/fpv4-sp/hard\libc_nano.a(lib_a-findfp.o)
                0x00000000080136e0                __sinit
 .text.__sfp    0x0000000008013740       0x78 c:/st/stm32cubeide_1.5.0/stm32cubeide/plugins/com.st.stm32cube.ide.mcu.externaltools.gnu-tools-for-stm32.7-2018-q2-update.win32_1.5.0.202011040924/tools/bin/../lib/gcc/arm-none-eabi/7.3.1/../../../../arm-none-eabi/lib/thumb/v7e-m/fpv4-sp/hard\libc_nano.a(lib_a-findfp.o)
                0x0000000008013740                __sfp
 .text._fwalk_reent
                0x00000000080137b8       0x3c c:/st/stm32cubeide_1.5.0/stm32cubeide/plugins/com.st.stm32cube.ide.mcu.externaltools.gnu-tools-for-stm32.7-2018-q2-update.win32_1.5.0.202011040924/tools/bin/../lib/gcc/arm-none-eabi/7.3.1/../../../../arm-none-eabi/lib/thumb/v7e-m/fpv4-sp/hard\libc_nano.a(lib_a-fwalk.o)
                0x00000000080137b8                _fwalk_reent
 .text.rshift   0x00000000080137f4       0x74 c:/st/stm32cubeide_1.5.0/stm32cubeide/plugins/com.st.stm32cube.ide.mcu.externaltools.gnu-tools-for-stm32.7-2018-q2-update.win32_1.5.0.202011040924/tools/bin/../lib/gcc/arm-none-eabi/7.3.1/../../../../arm-none-eabi/lib/thumb/v7e-m/fpv4-sp/hard\libc_nano.a(lib_a-gdtoa-gethex.o)
 .text.__hexdig_fun
                0x0000000008013868       0x2a c:/st/stm32cubeide_1.5.0/stm32cubeide/plugins/com.st.stm32cube.ide.mcu.externaltools.gnu-tools-for-stm32.7-2018-q2-update.win32_1.5.0.202011040924/tools/bin/../lib/gcc/arm-none-eabi/7.3.1/../../../../arm-none-eabi/lib/thumb/v7e-m/fpv4-sp/hard\libc_nano.a(lib_a-gdtoa-gethex.o)
                0x0000000008013868                __hexdig_fun
 .text.__gethex
                0x0000000008013892      0x442 c:/st/stm32cubeide_1.5.0/stm32cubeide/plugins/com.st.stm32cube.ide.mcu.externaltools.gnu-tools-for-stm32.7-2018-q2-update.win32_1.5.0.202011040924/tools/bin/../lib/gcc/arm-none-eabi/7.3.1/../../../../arm-none-eabi/lib/thumb/v7e-m/fpv4-sp/hard\libc_nano.a(lib_a-gdtoa-gethex.o)
                0x0000000008013892                __gethex
 .text.L_shift  0x0000000008013cd4       0x24 c:/st/stm32cubeide_1.5.0/stm32cubeide/plugins/com.st.stm32cube.ide.mcu.externaltools.gnu-tools-for-stm32.7-2018-q2-update.win32_1.5.0.202011040924/tools/bin/../lib/gcc/arm-none-eabi/7.3.1/../../../../arm-none-eabi/lib/thumb/v7e-m/fpv4-sp/hard\libc_nano.a(lib_a-gdtoa-hexnan.o)
 .text.__match  0x0000000008013cf8       0x28 c:/st/stm32cubeide_1.5.0/stm32cubeide/plugins/com.st.stm32cube.ide.mcu.externaltools.gnu-tools-for-stm32.7-2018-q2-update.win32_1.5.0.202011040924/tools/bin/../lib/gcc/arm-none-eabi/7.3.1/../../../../arm-none-eabi/lib/thumb/v7e-m/fpv4-sp/hard\libc_nano.a(lib_a-gdtoa-hexnan.o)
                0x0000000008013cf8                __match
 .text.__hexnan
                0x0000000008013d20      0x120 c:/st/stm32cubeide_1.5.0/stm32cubeide/plugins/com.st.stm32cube.ide.mcu.externaltools.gnu-tools-for-stm32.7-2018-q2-update.win32_1.5.0.202011040924/tools/bin/../lib/gcc/arm-none-eabi/7.3.1/../../../../arm-none-eabi/lib/thumb/v7e-m/fpv4-sp/hard\libc_nano.a(lib_a-gdtoa-hexnan.o)
                0x0000000008013d20                __hexnan
 .text.__locale_ctype_ptr_l
                0x0000000008013e40        0x6 c:/st/stm32cubeide_1.5.0/stm32cubeide/plugins/com.st.stm32cube.ide.mcu.externaltools.gnu-tools-for-stm32.7-2018-q2-update.win32_1.5.0.202011040924/tools/bin/../lib/gcc/arm-none-eabi/7.3.1/../../../../arm-none-eabi/lib/thumb/v7e-m/fpv4-sp/hard\libc_nano.a(lib_a-locale.o)
                0x0000000008013e40                __locale_ctype_ptr_l
 .text.__localeconv_l
                0x0000000008013e46        0x4 c:/st/stm32cubeide_1.5.0/stm32cubeide/plugins/com.st.stm32cube.ide.mcu.externaltools.gnu-tools-for-stm32.7-2018-q2-update.win32_1.5.0.202011040924/tools/bin/../lib/gcc/arm-none-eabi/7.3.1/../../../../arm-none-eabi/lib/thumb/v7e-m/fpv4-sp/hard\libc_nano.a(lib_a-localeconv.o)
                0x0000000008013e46                __localeconv_l
 *fill*         0x0000000008013e4a        0x2 
 .text._localeconv_r
                0x0000000008013e4c       0x1c c:/st/stm32cubeide_1.5.0/stm32cubeide/plugins/com.st.stm32cube.ide.mcu.externaltools.gnu-tools-for-stm32.7-2018-q2-update.win32_1.5.0.202011040924/tools/bin/../lib/gcc/arm-none-eabi/7.3.1/../../../../arm-none-eabi/lib/thumb/v7e-m/fpv4-sp/hard\libc_nano.a(lib_a-localeconv.o)
                0x0000000008013e4c                _localeconv_r
 .text.malloc   0x0000000008013e68       0x10 c:/st/stm32cubeide_1.5.0/stm32cubeide/plugins/com.st.stm32cube.ide.mcu.externaltools.gnu-tools-for-stm32.7-2018-q2-update.win32_1.5.0.202011040924/tools/bin/../lib/gcc/arm-none-eabi/7.3.1/../../../../arm-none-eabi/lib/thumb/v7e-m/fpv4-sp/hard\libc_nano.a(lib_a-malloc.o)
                0x0000000008013e68                malloc
 .text.__ascii_mbtowc
                0x0000000008013e78       0x24 c:/st/stm32cubeide_1.5.0/stm32cubeide/plugins/com.st.stm32cube.ide.mcu.externaltools.gnu-tools-for-stm32.7-2018-q2-update.win32_1.5.0.202011040924/tools/bin/../lib/gcc/arm-none-eabi/7.3.1/../../../../arm-none-eabi/lib/thumb/v7e-m/fpv4-sp/hard\libc_nano.a(lib_a-mbtowc_r.o)
                0x0000000008013e78                __ascii_mbtowc
 .text._Balloc  0x0000000008013e9c       0x68 c:/st/stm32cubeide_1.5.0/stm32cubeide/plugins/com.st.stm32cube.ide.mcu.externaltools.gnu-tools-for-stm32.7-2018-q2-update.win32_1.5.0.202011040924/tools/bin/../lib/gcc/arm-none-eabi/7.3.1/../../../../arm-none-eabi/lib/thumb/v7e-m/fpv4-sp/hard\libc_nano.a(lib_a-mprec.o)
                0x0000000008013e9c                _Balloc
 .text._Bfree   0x0000000008013f04       0x2e c:/st/stm32cubeide_1.5.0/stm32cubeide/plugins/com.st.stm32cube.ide.mcu.externaltools.gnu-tools-for-stm32.7-2018-q2-update.win32_1.5.0.202011040924/tools/bin/../lib/gcc/arm-none-eabi/7.3.1/../../../../arm-none-eabi/lib/thumb/v7e-m/fpv4-sp/hard\libc_nano.a(lib_a-mprec.o)
                0x0000000008013f04                _Bfree
 .text.__multadd
                0x0000000008013f32       0x76 c:/st/stm32cubeide_1.5.0/stm32cubeide/plugins/com.st.stm32cube.ide.mcu.externaltools.gnu-tools-for-stm32.7-2018-q2-update.win32_1.5.0.202011040924/tools/bin/../lib/gcc/arm-none-eabi/7.3.1/../../../../arm-none-eabi/lib/thumb/v7e-m/fpv4-sp/hard\libc_nano.a(lib_a-mprec.o)
                0x0000000008013f32                __multadd
 .text.__s2b    0x0000000008013fa8       0x7c c:/st/stm32cubeide_1.5.0/stm32cubeide/plugins/com.st.stm32cube.ide.mcu.externaltools.gnu-tools-for-stm32.7-2018-q2-update.win32_1.5.0.202011040924/tools/bin/../lib/gcc/arm-none-eabi/7.3.1/../../../../arm-none-eabi/lib/thumb/v7e-m/fpv4-sp/hard\libc_nano.a(lib_a-mprec.o)
                0x0000000008013fa8                __s2b
 .text.__hi0bits
                0x0000000008014024       0x3e c:/st/stm32cubeide_1.5.0/stm32cubeide/plugins/com.st.stm32cube.ide.mcu.externaltools.gnu-tools-for-stm32.7-2018-q2-update.win32_1.5.0.202011040924/tools/bin/../lib/gcc/arm-none-eabi/7.3.1/../../../../arm-none-eabi/lib/thumb/v7e-m/fpv4-sp/hard\libc_nano.a(lib_a-mprec.o)
                0x0000000008014024                __hi0bits
 .text.__lo0bits
                0x0000000008014062       0x5e c:/st/stm32cubeide_1.5.0/stm32cubeide/plugins/com.st.stm32cube.ide.mcu.externaltools.gnu-tools-for-stm32.7-2018-q2-update.win32_1.5.0.202011040924/tools/bin/../lib/gcc/arm-none-eabi/7.3.1/../../../../arm-none-eabi/lib/thumb/v7e-m/fpv4-sp/hard\libc_nano.a(lib_a-mprec.o)
                0x0000000008014062                __lo0bits
 .text.__i2b    0x00000000080140c0       0x12 c:/st/stm32cubeide_1.5.0/stm32cubeide/plugins/com.st.stm32cube.ide.mcu.externaltools.gnu-tools-for-stm32.7-2018-q2-update.win32_1.5.0.202011040924/tools/bin/../lib/gcc/arm-none-eabi/7.3.1/../../../../arm-none-eabi/lib/thumb/v7e-m/fpv4-sp/hard\libc_nano.a(lib_a-mprec.o)
                0x00000000080140c0                __i2b
 .text.__multiply
                0x00000000080140d2      0x12c c:/st/stm32cubeide_1.5.0/stm32cubeide/plugins/com.st.stm32cube.ide.mcu.externaltools.gnu-tools-for-stm32.7-2018-q2-update.win32_1.5.0.202011040924/tools/bin/../lib/gcc/arm-none-eabi/7.3.1/../../../../arm-none-eabi/lib/thumb/v7e-m/fpv4-sp/hard\libc_nano.a(lib_a-mprec.o)
                0x00000000080140d2                __multiply
 *fill*         0x00000000080141fe        0x2 
 .text.__pow5mult